/home/lx/miniconda3/envs/snn/lib/python3.10/runpy.py:126: RuntimeWarning: 'code.train.train' found in sys.modules after import of package 'code.train', but prior to execution of 'code.train.train'; this may result in unpredictable behaviour
  warn(RuntimeWarning(msg))
[train/slt_lif_mpc_free] cmd: {'model': 'slt_lif_mpc_free', 'env_kind': None, 'image_size': 0, 'multi_env_spec': 'configs/oodc_5m/cross_benchmark_F1.json', 'pad_obs_to': 128, 'action_dim': 56, 'embed_dim': 192, 'data': None, 'out': '/home/lx/snn/results/5m_seed1/cross_benchmark_F1/slt_lif_mpc_free/seed_0', 'epochs': 1, 'batch': 32, 'lr': 0.0003, 'num_workers': 0, 'save_every': 2000, 'log_every': 200, 'seed': 1, 'n_layers': 2, 'hidden_dim': None, 'mlp_hidden': None, 'mlp_layers': None, 'slt_layers': None, 'slt_din': None, 'lambda_sigreg': 0.09, 'lambda_goal': 0.5, 'goal_offset': 25, 'history_size': 1, 't_pred': 3, 'max_windows': None, 'n_episodes': 50, 'max_steps_per_ep': 200, 'readout_mode': 'hidden_leak'}
[train/slt_lif_mpc_free] SLT_LIF_MPC_FreeAccess params total=5.05M trainable=5.05M, 150000 windows/epoch, batch=32, epochs=1, lr=0.0003, lambda_sigreg=0.09, lambda_goal=0.5, goal_offset=25, history=1
[train/slt_lif_mpc_free] ep 1/1 step 200 pred=0.0041 sparse=0.0220 action=0.0000 total=0.0041 speed=2.03/s ETA=0.6h sparsity=0.978
[train/slt_lif_mpc_free] ep 1/1 step 400 pred=0.0036 sparse=0.0232 action=0.0000 total=0.0036 speed=2.03/s ETA=0.6h sparsity=0.977
[train/slt_lif_mpc_free] ep 1/1 step 600 pred=0.0039 sparse=0.0222 action=0.0000 total=0.0039 speed=2.04/s ETA=0.6h sparsity=0.978
[train/slt_lif_mpc_free] ep 1/1 step 800 pred=0.0042 sparse=0.0224 action=0.0000 total=0.0042 speed=2.04/s ETA=0.5h sparsity=0.978
[train/slt_lif_mpc_free] ep 1/1 step 1000 pred=0.0044 sparse=0.0237 action=0.0000 total=0.0044 speed=2.05/s ETA=0.5h sparsity=0.976
[train/slt_lif_mpc_free] ep 1/1 step 1200 pred=0.0049 sparse=0.0247 action=0.0000 total=0.0049 speed=2.06/s ETA=0.5h sparsity=0.975
[train/slt_lif_mpc_free] ep 1/1 step 1400 pred=0.0043 sparse=0.0222 action=0.0000 total=0.0043 speed=2.05/s ETA=0.4h sparsity=0.978
[train/slt_lif_mpc_free] ep 1/1 step 1600 pred=0.0042 sparse=0.0231 action=0.0000 total=0.0042 speed=2.05/s ETA=0.4h sparsity=0.977
[train/slt_lif_mpc_free] ep 1/1 step 1800 pred=0.0042 sparse=0.0239 action=0.0000 total=0.0042 speed=2.07/s ETA=0.4h sparsity=0.976
[train/slt_lif_mpc_free] ep 1/1 step 2000 pred=nan sparse=0.0234 action=0.0000 total=nan speed=2.08/s ETA=0.4h sparsity=0.977
[train/slt_lif_mpc_free] saved /home/lx/snn/results/5m_seed1/cross_benchmark_F1/slt_lif_mpc_free/seed_0/step2000.pt
[train/slt_lif_mpc_free] ep 1/1 step 2200 pred=nan sparse=0.0217 action=0.0000 total=nan speed=2.08/s ETA=0.3h sparsity=0.978
[train/slt_lif_mpc_free] ep 1/1 step 2400 pred=0.0041 sparse=0.0231 action=0.0000 total=0.0041 speed=2.09/s ETA=0.3h sparsity=0.977
[train/slt_lif_mpc_free] ep 1/1 step 2600 pred=0.0046 sparse=0.0235 action=0.0000 total=0.0046 speed=2.10/s ETA=0.3h sparsity=0.976
[train/slt_lif_mpc_free] ep 1/1 step 2800 pred=0.0038 sparse=0.0224 action=0.0000 total=0.0038 speed=2.14/s ETA=0.2h sparsity=0.978
[train/slt_lif_mpc_free] ep 1/1 step 3000 pred=0.0037 sparse=0.0224 action=0.0000 total=0.0037 speed=2.18/s ETA=0.2h sparsity=0.978
[train/slt_lif_mpc_free] ep 1/1 step 3200 pred=0.0038 sparse=0.0225 action=0.0000 total=0.0038 speed=2.22/s ETA=0.2h sparsity=0.978
[train/slt_lif_mpc_free] ep 1/1 step 3400 pred=0.0042 sparse=0.0229 action=0.0000 total=0.0042 speed=2.25/s ETA=0.2h sparsity=0.977
[train/slt_lif_mpc_free] ep 1/1 step 3600 pred=0.0042 sparse=0.0244 action=0.0000 total=0.0042 speed=2.28/s ETA=0.1h sparsity=0.976
[train/slt_lif_mpc_free] ep 1/1 step 3800 pred=0.0046 sparse=0.0237 action=0.0000 total=0.0046 speed=2.30/s ETA=0.1h sparsity=0.976
[train/slt_lif_mpc_free] ep 1/1 step 4000 pred=0.0042 sparse=0.0230 action=0.0000 total=0.0042 speed=2.33/s ETA=0.1h sparsity=0.977
[train/slt_lif_mpc_free] saved /home/lx/snn/results/5m_seed1/cross_benchmark_F1/slt_lif_mpc_free/seed_0/step4000.pt
[train/slt_lif_mpc_free] ep 1/1 step 4200 pred=0.0043 sparse=0.0239 action=0.0000 total=0.0043 speed=2.35/s ETA=0.1h sparsity=0.976
[train/slt_lif_mpc_free] ep 1/1 step 4400 pred=0.0043 sparse=0.0225 action=0.0000 total=0.0043 speed=2.37/s ETA=0.0h sparsity=0.977
[train/slt_lif_mpc_free] ep 1/1 step 4600 pred=0.0041 sparse=0.0233 action=0.0000 total=0.0041 speed=2.39/s ETA=0.0h sparsity=0.977
[train/slt_lif_mpc_free] final saved /home/lx/snn/results/5m_seed1/cross_benchmark_F1/slt_lif_mpc_free/seed_0/final.pt
[train/slt_lif_mpc_free] loss log saved /home/lx/snn/results/5m_seed1/cross_benchmark_F1/slt_lif_mpc_free/seed_0/loss_log.json
