/home/lx/miniconda3/envs/snn/lib/python3.10/runpy.py:126: RuntimeWarning: 'code.train.train' found in sys.modules after import of package 'code.train', but prior to execution of 'code.train.train'; this may result in unpredictable behaviour
  warn(RuntimeWarning(msg))
[train/stjewm] cmd: {'model': 'stjewm', 'env_kind': None, 'image_size': 0, 'multi_env_spec': 'configs/oodc_5m/cross_benchmark_F1.json', 'pad_obs_to': 128, 'action_dim': 56, 'embed_dim': 192, 'data': None, 'out': '/home/lx/snn/results/5m_seed1/cross_benchmark_F1/stjewm_membrane_readout/seed_0', 'epochs': 1, 'batch': 32, 'lr': 0.0003, 'num_workers': 0, 'save_every': 2000, 'log_every': 200, 'seed': 1, 'n_layers': 2, 'hidden_dim': None, 'mlp_hidden': None, 'mlp_layers': None, 'slt_layers': None, 'slt_din': None, 'lambda_sigreg': 0.09, 'lambda_goal': 0.5, 'goal_offset': 25, 'history_size': 1, 't_pred': 3, 'max_windows': None, 'n_episodes': 50, 'max_steps_per_ep': 200, 'readout_mode': 'membrane_readout'}
[train/stjewm] STJEWM params total=8.16M trainable=2.70M, 150000 windows/epoch, batch=32, epochs=1, lr=0.0003, lambda_sigreg=0.09, lambda_goal=0.5, goal_offset=25, history=1
[train/stjewm] ep 1/1 step 200 pred=4.7061 sigreg=30.0785 goal=1.9053 total=8.3658 speed=3.54/s ETA=0.4h sparsity=0.921
[train/stjewm] ep 1/1 step 400 pred=4.7297 sigreg=33.1964 goal=2.0005 total=8.7176 speed=3.57/s ETA=0.3h sparsity=0.914
[train/stjewm] ep 1/1 step 600 pred=4.4587 sigreg=36.9079 goal=1.9570 total=8.7589 speed=3.47/s ETA=0.3h sparsity=0.913
[train/stjewm] ep 1/1 step 800 pred=4.9171 sigreg=27.9528 goal=2.0166 total=8.4411 speed=3.50/s ETA=0.3h sparsity=0.916
[train/stjewm] ep 1/1 step 1000 pred=4.3896 sigreg=36.7548 goal=1.9326 total=8.6639 speed=3.52/s ETA=0.3h sparsity=0.913
[train/stjewm] ep 1/1 step 1200 pred=4.3129 sigreg=37.0208 goal=1.8895 total=8.5895 speed=3.55/s ETA=0.3h sparsity=0.914
[train/stjewm] ep 1/1 step 1400 pred=4.2479 sigreg=36.9827 goal=1.6859 total=8.4193 speed=3.40/s ETA=0.3h sparsity=0.914
[train/stjewm] ep 1/1 step 1600 pred=4.5154 sigreg=33.3057 goal=nan total=nan speed=3.42/s ETA=0.3h sparsity=0.915
[train/stjewm] ep 1/1 step 1800 pred=4.2422 sigreg=36.9077 goal=1.7270 total=8.4274 speed=3.45/s ETA=0.2h sparsity=0.912
[train/stjewm] ep 1/1 step 2000 pred=4.2877 sigreg=41.1287 goal=1.8137 total=8.8961 speed=3.47/s ETA=0.2h sparsity=0.914
[train/stjewm] saved /home/lx/snn/results/5m_seed1/cross_benchmark_F1/stjewm_membrane_readout/seed_0/step2000.pt
[train/stjewm] ep 1/1 step 2200 pred=4.4620 sigreg=33.3106 goal=2.0192 total=8.4696 speed=3.49/s ETA=0.2h sparsity=0.915
[train/stjewm] ep 1/1 step 2400 pred=4.3979 sigreg=33.2296 goal=nan total=nan speed=3.50/s ETA=0.2h sparsity=0.917
[train/stjewm] ep 1/1 step 2600 pred=4.5981 sigreg=33.1570 goal=1.9513 total=8.5579 speed=3.52/s ETA=0.2h sparsity=0.915
[train/stjewm] ep 1/1 step 2800 pred=4.2447 sigreg=41.0728 goal=2.0641 total=8.9733 speed=3.50/s ETA=0.1h sparsity=0.914
[train/stjewm] ep 1/1 step 3000 pred=4.9733 sigreg=27.4109 goal=1.9250 total=8.4028 speed=3.51/s ETA=0.1h sparsity=0.912
[train/stjewm] ep 1/1 step 3200 pred=4.5037 sigreg=36.9515 goal=1.9598 total=8.8092 speed=3.52/s ETA=0.1h sparsity=0.913
[train/stjewm] ep 1/1 step 3400 pred=4.2123 sigreg=36.5420 goal=1.6923 total=8.3472 speed=3.53/s ETA=0.1h sparsity=0.912
[train/stjewm] ep 1/1 step 3600 pred=4.6662 sigreg=30.0895 goal=2.0900 total=8.4192 speed=3.54/s ETA=0.1h sparsity=0.917
[train/stjewm] ep 1/1 step 3800 pred=4.6183 sigreg=30.0006 goal=2.1416 total=8.3891 speed=3.55/s ETA=0.1h sparsity=0.916
[train/stjewm] ep 1/1 step 4000 pred=4.9739 sigreg=25.8009 goal=2.1957 total=8.3938 speed=3.54/s ETA=0.1h sparsity=0.918
[train/stjewm] saved /home/lx/snn/results/5m_seed1/cross_benchmark_F1/stjewm_membrane_readout/seed_0/step4000.pt
[train/stjewm] ep 1/1 step 4200 pred=4.6444 sigreg=33.1122 goal=2.0631 total=8.6560 speed=3.55/s ETA=0.0h sparsity=0.913
[train/stjewm] ep 1/1 step 4400 pred=5.2240 sigreg=25.9604 goal=2.3166 total=8.7188 speed=3.56/s ETA=0.0h sparsity=0.914
[train/stjewm] ep 1/1 step 4600 pred=4.4173 sigreg=36.7460 goal=2.2224 total=8.8356 speed=3.57/s ETA=0.0h sparsity=0.913
[train/stjewm] final saved /home/lx/snn/results/5m_seed1/cross_benchmark_F1/stjewm_membrane_readout/seed_0/final.pt
[train/stjewm] loss log saved /home/lx/snn/results/5m_seed1/cross_benchmark_F1/stjewm_membrane_readout/seed_0/loss_log.json
