/home/lx/miniconda3/envs/snn/lib/python3.10/runpy.py:126: RuntimeWarning: 'code.train.train' found in sys.modules after import of package 'code.train', but prior to execution of 'code.train.train'; this may result in unpredictable behaviour
  warn(RuntimeWarning(msg))
[train/cubifae_baseline] cmd: {'model': 'cubifae_baseline', 'env_kind': None, 'image_size': 0, 'multi_env_spec': 'configs/oodc_5m/cross_benchmark_F1.json', 'pad_obs_to': 128, 'action_dim': 56, 'embed_dim': 192, 'data': None, 'out': '/home/lx/snn/results/5m_seed1/cross_benchmark_F1/cubifae_baseline/seed_0', 'epochs': 1, 'batch': 32, 'lr': 0.0003, 'num_workers': 0, 'save_every': 2000, 'log_every': 200, 'seed': 1, 'n_layers': 2, 'hidden_dim': None, 'mlp_hidden': None, 'mlp_layers': None, 'slt_layers': None, 'slt_din': None, 'lambda_sigreg': 0.09, 'lambda_goal': 0.5, 'goal_offset': 25, 'history_size': 1, 't_pred': 3, 'max_windows': None, 'n_episodes': 50, 'max_steps_per_ep': 200, 'readout_mode': 'hidden_leak'}
[train/cubifae_baseline] CubifAEBaseline params total=4.98M trainable=4.98M, 150000 windows/epoch, batch=32, epochs=1, lr=0.0003, lambda_sigreg=0.09, lambda_goal=0.5, goal_offset=25, history=1
[train/cubifae_baseline] ep 1/1 step 200 pred=0.0116 sparse=0.0018 total=0.0116 speed=6.67/s ETA=0.2h sparsity=0.998
[train/cubifae_baseline] ep 1/1 step 400 pred=nan sparse=0.0105 total=nan speed=7.00/s ETA=0.2h sparsity=0.990
[train/cubifae_baseline] ep 1/1 step 600 pred=0.1857 sparse=0.0113 total=0.1857 speed=7.14/s ETA=0.2h sparsity=0.989
[train/cubifae_baseline] ep 1/1 step 800 pred=0.0363 sparse=0.0074 total=0.0363 speed=7.05/s ETA=0.2h sparsity=0.993
[train/cubifae_baseline] ep 1/1 step 1000 pred=0.0159 sparse=0.0027 total=0.0159 speed=7.06/s ETA=0.1h sparsity=0.997
[train/cubifae_baseline] ep 1/1 step 1200 pred=0.0180 sparse=0.0039 total=0.0180 speed=7.08/s ETA=0.1h sparsity=0.996
[train/cubifae_baseline] ep 1/1 step 1400 pred=0.0208 sparse=0.0023 total=0.0208 speed=7.08/s ETA=0.1h sparsity=0.998
[train/cubifae_baseline] ep 1/1 step 1600 pred=0.0131 sparse=0.0044 total=0.0131 speed=7.05/s ETA=0.1h sparsity=0.996
[train/cubifae_baseline] ep 1/1 step 1800 pred=0.0084 sparse=0.0026 total=0.0084 speed=7.09/s ETA=0.1h sparsity=0.997
[train/cubifae_baseline] ep 1/1 step 2000 pred=0.0252 sparse=0.0079 total=0.0252 speed=7.12/s ETA=0.1h sparsity=0.993
[train/cubifae_baseline] saved /home/lx/snn/results/5m_seed1/cross_benchmark_F1/cubifae_baseline/seed_0/step2000.pt
[train/cubifae_baseline] ep 1/1 step 2200 pred=0.0234 sparse=0.0063 total=0.0234 speed=7.15/s ETA=0.1h sparsity=0.994
[train/cubifae_baseline] ep 1/1 step 2400 pred=0.0448 sparse=0.0071 total=0.0448 speed=7.18/s ETA=0.1h sparsity=0.993
[train/cubifae_baseline] ep 1/1 step 2600 pred=0.0086 sparse=0.0032 total=0.0086 speed=7.18/s ETA=0.1h sparsity=0.997
[train/cubifae_baseline] ep 1/1 step 2800 pred=0.0270 sparse=0.0080 total=0.0270 speed=7.19/s ETA=0.1h sparsity=0.993
[train/cubifae_baseline] ep 1/1 step 3000 pred=0.0143 sparse=0.0023 total=0.0143 speed=7.21/s ETA=0.1h sparsity=0.998
[train/cubifae_baseline] ep 1/1 step 3200 pred=0.0001 sparse=0.0005 total=0.0001 speed=7.23/s ETA=0.1h sparsity=0.999
[train/cubifae_baseline] ep 1/1 step 3400 pred=0.0256 sparse=0.0061 total=0.0256 speed=7.24/s ETA=0.0h sparsity=0.994
[train/cubifae_baseline] ep 1/1 step 3600 pred=nan sparse=0.0014 total=nan speed=7.25/s ETA=0.0h sparsity=0.999
[train/cubifae_baseline] ep 1/1 step 3800 pred=0.0248 sparse=0.0051 total=0.0248 speed=7.25/s ETA=0.0h sparsity=0.995
[train/cubifae_baseline] ep 1/1 step 4000 pred=0.0123 sparse=0.0040 total=0.0123 speed=7.26/s ETA=0.0h sparsity=0.996
[train/cubifae_baseline] saved /home/lx/snn/results/5m_seed1/cross_benchmark_F1/cubifae_baseline/seed_0/step4000.pt
[train/cubifae_baseline] ep 1/1 step 4200 pred=0.0101 sparse=0.0019 total=0.0101 speed=7.25/s ETA=0.0h sparsity=0.998
[train/cubifae_baseline] ep 1/1 step 4400 pred=0.0266 sparse=0.0061 total=0.0266 speed=7.27/s ETA=0.0h sparsity=0.994
[train/cubifae_baseline] ep 1/1 step 4600 pred=nan sparse=0.0021 total=nan speed=7.28/s ETA=0.0h sparsity=0.998
[train/cubifae_baseline] final saved /home/lx/snn/results/5m_seed1/cross_benchmark_F1/cubifae_baseline/seed_0/final.pt
[train/cubifae_baseline] loss log saved /home/lx/snn/results/5m_seed1/cross_benchmark_F1/cubifae_baseline/seed_0/loss_log.json
