/home/lx/miniconda3/envs/snn/lib/python3.10/runpy.py:126: RuntimeWarning: 'code.train.train' found in sys.modules after import of package 'code.train', but prior to execution of 'code.train.train'; this may result in unpredictable behaviour
  warn(RuntimeWarning(msg))
[train/gru_baseline] cmd: {'model': 'gru_baseline', 'env_kind': None, 'image_size': 0, 'multi_env_spec': 'configs/oodc_5m/cross_benchmark_F1.json', 'pad_obs_to': 128, 'action_dim': 56, 'embed_dim': 192, 'data': None, 'out': '/home/lx/snn/results/5m_seed2/cross_benchmark_F1/gru_baseline/seed_0', 'epochs': 1, 'batch': 32, 'lr': 0.0003, 'num_workers': 0, 'save_every': 2000, 'log_every': 200, 'seed': 2, 'n_layers': 2, 'hidden_dim': None, 'mlp_hidden': None, 'mlp_layers': None, 'slt_layers': None, 'slt_din': None, 'lambda_sigreg': 0.09, 'lambda_goal': 0.5, 'goal_offset': 25, 'history_size': 1, 't_pred': 3, 'max_windows': None, 'n_episodes': 50, 'max_steps_per_ep': 200, 'readout_mode': 'hidden_leak'}
[train/gru_baseline] GRUBaseline params total=5.13M trainable=5.13M, 150000 windows/epoch, batch=32, epochs=1, lr=0.0003, lambda_sigreg=0.09, lambda_goal=0.5, goal_offset=25, history=1
[train/gru_baseline] ep 1/1 step 200 pred=0.0220 sigreg=36.7998 goal=0.0094 total=3.3387 speed=33.59/s ETA=0.0h
[train/gru_baseline] ep 1/1 step 400 pred=0.0237 sigreg=30.1177 goal=nan total=nan speed=34.19/s ETA=0.0h
[train/gru_baseline] ep 1/1 step 600 pred=0.0259 sigreg=27.2855 goal=nan total=nan speed=34.25/s ETA=0.0h
[train/gru_baseline] ep 1/1 step 800 pred=0.0217 sigreg=41.0036 goal=0.0079 total=3.7160 speed=34.66/s ETA=0.0h
[train/gru_baseline] ep 1/1 step 1000 pred=0.0210 sigreg=41.0313 goal=0.0077 total=3.7176 speed=34.93/s ETA=0.0h
[train/gru_baseline] ep 1/1 step 1200 pred=0.0249 sigreg=33.2358 goal=nan total=nan speed=35.13/s ETA=0.0h
[train/gru_baseline] ep 1/1 step 1400 pred=0.0257 sigreg=27.5181 goal=nan total=nan speed=35.26/s ETA=0.0h
[train/gru_baseline] ep 1/1 step 1600 pred=0.0218 sigreg=36.4512 goal=0.0094 total=3.3071 speed=35.36/s ETA=0.0h
[train/gru_baseline] ep 1/1 step 1800 pred=0.0242 sigreg=30.0734 goal=0.0080 total=2.7348 speed=35.38/s ETA=0.0h
[train/gru_baseline] ep 1/1 step 2000 pred=0.0247 sigreg=29.7869 goal=0.0092 total=2.7101 speed=35.29/s ETA=0.0h
[train/gru_baseline] saved /home/lx/snn/results/5m_seed2/cross_benchmark_F1/gru_baseline/seed_0/step2000.pt
[train/gru_baseline] ep 1/1 step 2200 pred=0.0244 sigreg=30.0492 goal=nan total=nan speed=35.24/s ETA=0.0h
[train/gru_baseline] ep 1/1 step 2400 pred=0.0222 sigreg=36.8613 goal=0.0078 total=3.3436 speed=35.25/s ETA=0.0h
[train/gru_baseline] ep 1/1 step 2600 pred=0.0261 sigreg=27.3419 goal=nan total=nan speed=35.26/s ETA=0.0h
[train/gru_baseline] ep 1/1 step 2800 pred=0.0252 sigreg=29.9152 goal=nan total=nan speed=35.21/s ETA=0.0h
[train/gru_baseline] ep 1/1 step 3000 pred=0.0223 sigreg=36.6607 goal=0.0085 total=3.3260 speed=35.19/s ETA=0.0h
[train/gru_baseline] ep 1/1 step 3200 pred=0.0229 sigreg=33.0270 goal=nan total=nan speed=35.24/s ETA=0.0h
[train/gru_baseline] ep 1/1 step 3400 pred=0.0242 sigreg=33.2370 goal=nan total=nan speed=35.25/s ETA=0.0h
[train/gru_baseline] ep 1/1 step 3600 pred=0.0245 sigreg=33.0244 goal=0.0081 total=3.0008 speed=35.24/s ETA=0.0h
[train/gru_baseline] ep 1/1 step 3800 pred=0.0256 sigreg=27.4738 goal=nan total=nan speed=35.23/s ETA=0.0h
[train/gru_baseline] ep 1/1 step 4000 pred=0.0227 sigreg=36.8574 goal=0.0083 total=3.3440 speed=35.28/s ETA=0.0h
[train/gru_baseline] saved /home/lx/snn/results/5m_seed2/cross_benchmark_F1/gru_baseline/seed_0/step4000.pt
[train/gru_baseline] ep 1/1 step 4200 pred=0.0235 sigreg=30.0389 goal=nan total=nan speed=35.23/s ETA=0.0h
[train/gru_baseline] ep 1/1 step 4400 pred=0.0228 sigreg=33.1883 goal=0.0080 total=3.0138 speed=35.22/s ETA=0.0h
[train/gru_baseline] ep 1/1 step 4600 pred=0.0240 sigreg=29.8079 goal=nan total=nan speed=35.22/s ETA=0.0h
[train/gru_baseline] final saved /home/lx/snn/results/5m_seed2/cross_benchmark_F1/gru_baseline/seed_0/final.pt
[train/gru_baseline] loss log saved /home/lx/snn/results/5m_seed2/cross_benchmark_F1/gru_baseline/seed_0/loss_log.json
