/home/lx/miniconda3/envs/snn/lib/python3.10/runpy.py:126: RuntimeWarning: 'code.train.train' found in sys.modules after import of package 'code.train', but prior to execution of 'code.train.train'; this may result in unpredictable behaviour
  warn(RuntimeWarning(msg))
[train/cubifae_baseline] cmd: {'model': 'cubifae_baseline', 'env_kind': None, 'image_size': 0, 'multi_env_spec': 'configs/oodc_5m/cross_benchmark_F1.json', 'pad_obs_to': 128, 'action_dim': 56, 'embed_dim': 192, 'data': None, 'out': '/home/lx/snn/results/5m_seed2/cross_benchmark_F1/cubifae_baseline/seed_0', 'epochs': 1, 'batch': 32, 'lr': 0.0003, 'num_workers': 0, 'save_every': 2000, 'log_every': 200, 'seed': 2, 'n_layers': 2, 'hidden_dim': None, 'mlp_hidden': None, 'mlp_layers': None, 'slt_layers': None, 'slt_din': None, 'lambda_sigreg': 0.09, 'lambda_goal': 0.5, 'goal_offset': 25, 'history_size': 1, 't_pred': 3, 'max_windows': None, 'n_episodes': 50, 'max_steps_per_ep': 200, 'readout_mode': 'hidden_leak'}
[train/cubifae_baseline] CubifAEBaseline params total=4.98M trainable=4.98M, 150000 windows/epoch, batch=32, epochs=1, lr=0.0003, lambda_sigreg=0.09, lambda_goal=0.5, goal_offset=25, history=1
[train/cubifae_baseline] ep 1/1 step 200 pred=0.0171 sparse=0.0035 total=0.0171 speed=9.87/s ETA=0.1h sparsity=0.996
[train/cubifae_baseline] ep 1/1 step 400 pred=0.0053 sparse=0.0015 total=0.0053 speed=9.99/s ETA=0.1h sparsity=0.998
[train/cubifae_baseline] ep 1/1 step 600 pred=0.0168 sparse=0.0058 total=0.0168 speed=10.04/s ETA=0.1h sparsity=0.994
[train/cubifae_baseline] ep 1/1 step 800 pred=0.0144 sparse=0.0027 total=0.0144 speed=10.06/s ETA=0.1h sparsity=0.997
[train/cubifae_baseline] ep 1/1 step 1000 pred=nan sparse=0.0038 total=nan speed=10.07/s ETA=0.1h sparsity=0.996
[train/cubifae_baseline] ep 1/1 step 1200 pred=0.0001 sparse=0.0002 total=0.0001 speed=10.09/s ETA=0.1h sparsity=1.000
[train/cubifae_baseline] ep 1/1 step 1400 pred=0.0248 sparse=0.0079 total=0.0248 speed=10.09/s ETA=0.1h sparsity=0.992
[train/cubifae_baseline] ep 1/1 step 1600 pred=0.0160 sparse=0.0039 total=0.0160 speed=10.09/s ETA=0.1h sparsity=0.996
[train/cubifae_baseline] ep 1/1 step 1800 pred=0.0181 sparse=0.0055 total=0.0181 speed=10.10/s ETA=0.1h sparsity=0.994
[train/cubifae_baseline] ep 1/1 step 2000 pred=0.0068 sparse=0.0010 total=0.0068 speed=10.10/s ETA=0.1h sparsity=0.999
[train/cubifae_baseline] saved /home/lx/snn/results/5m_seed2/cross_benchmark_F1/cubifae_baseline/seed_0/step2000.pt
[train/cubifae_baseline] ep 1/1 step 2200 pred=nan sparse=0.0033 total=nan speed=10.10/s ETA=0.1h sparsity=0.996
[train/cubifae_baseline] ep 1/1 step 2400 pred=0.0269 sparse=0.0017 total=0.0269 speed=10.10/s ETA=0.1h sparsity=0.998
[train/cubifae_baseline] ep 1/1 step 2600 pred=0.2416 sparse=0.0039 total=0.2416 speed=10.10/s ETA=0.1h sparsity=0.996
[train/cubifae_baseline] ep 1/1 step 2800 pred=0.0109 sparse=0.0026 total=0.0109 speed=10.09/s ETA=0.1h sparsity=0.997
[train/cubifae_baseline] ep 1/1 step 3000 pred=0.0060 sparse=0.0041 total=0.0060 speed=10.09/s ETA=0.0h sparsity=0.995
[train/cubifae_baseline] ep 1/1 step 3200 pred=0.0258 sparse=0.0073 total=0.0258 speed=10.08/s ETA=0.0h sparsity=0.992
[train/cubifae_baseline] ep 1/1 step 3400 pred=0.0119 sparse=0.0037 total=0.0119 speed=10.08/s ETA=0.0h sparsity=0.996
[train/cubifae_baseline] ep 1/1 step 3600 pred=0.0098 sparse=0.0020 total=0.0098 speed=10.08/s ETA=0.0h sparsity=0.998
[train/cubifae_baseline] ep 1/1 step 3800 pred=0.0073 sparse=0.0034 total=0.0073 speed=10.07/s ETA=0.0h sparsity=0.996
[train/cubifae_baseline] ep 1/1 step 4000 pred=0.0457 sparse=0.0108 total=0.0457 speed=10.07/s ETA=0.0h sparsity=0.988
[train/cubifae_baseline] saved /home/lx/snn/results/5m_seed2/cross_benchmark_F1/cubifae_baseline/seed_0/step4000.pt
[train/cubifae_baseline] ep 1/1 step 4200 pred=0.0001 sparse=0.0007 total=0.0001 speed=10.07/s ETA=0.0h sparsity=0.999
[train/cubifae_baseline] ep 1/1 step 4400 pred=0.0337 sparse=0.0093 total=0.0337 speed=10.06/s ETA=0.0h sparsity=0.990
[train/cubifae_baseline] ep 1/1 step 4600 pred=0.0112 sparse=0.0031 total=0.0112 speed=10.06/s ETA=0.0h sparsity=0.997
[train/cubifae_baseline] final saved /home/lx/snn/results/5m_seed2/cross_benchmark_F1/cubifae_baseline/seed_0/final.pt
[train/cubifae_baseline] loss log saved /home/lx/snn/results/5m_seed2/cross_benchmark_F1/cubifae_baseline/seed_0/loss_log.json
