/home/lx/miniconda3/envs/snn/lib/python3.10/runpy.py:126: RuntimeWarning: 'code.train.train' found in sys.modules after import of package 'code.train', but prior to execution of 'code.train.train'; this may result in unpredictable behaviour
  warn(RuntimeWarning(msg))
[train/slt_lif_mpc_free] cmd: {'model': 'slt_lif_mpc_free', 'env_kind': None, 'image_size': 0, 'multi_env_spec': 'configs/oodc_5m/cross_benchmark_F1.json', 'pad_obs_to': 128, 'action_dim': 56, 'embed_dim': 192, 'data': None, 'out': '/home/lx/snn/results/5m_seed2/cross_benchmark_F1/slt_lif_mpc_free/seed_0', 'epochs': 1, 'batch': 32, 'lr': 0.0003, 'num_workers': 0, 'save_every': 2000, 'log_every': 200, 'seed': 2, 'n_layers': 2, 'hidden_dim': None, 'mlp_hidden': None, 'mlp_layers': None, 'slt_layers': None, 'slt_din': None, 'lambda_sigreg': 0.09, 'lambda_goal': 0.5, 'goal_offset': 25, 'history_size': 1, 't_pred': 3, 'max_windows': None, 'n_episodes': 50, 'max_steps_per_ep': 200, 'readout_mode': 'hidden_leak'}
[train/slt_lif_mpc_free] SLT_LIF_MPC_FreeAccess params total=5.05M trainable=5.05M, 150000 windows/epoch, batch=32, epochs=1, lr=0.0003, lambda_sigreg=0.09, lambda_goal=0.5, goal_offset=25, history=1
[train/slt_lif_mpc_free] ep 1/1 step 200 pred=0.0042 sparse=0.0200 action=0.0000 total=0.0043 speed=1.90/s ETA=0.7h sparsity=0.980
[train/slt_lif_mpc_free] ep 1/1 step 400 pred=0.0039 sparse=0.0206 action=0.0000 total=0.0039 speed=2.02/s ETA=0.6h sparsity=0.979
[train/slt_lif_mpc_free] ep 1/1 step 600 pred=0.0040 sparse=0.0202 action=0.0000 total=0.0040 speed=2.11/s ETA=0.5h sparsity=0.980
[train/slt_lif_mpc_free] ep 1/1 step 800 pred=0.0041 sparse=0.0208 action=0.0000 total=0.0041 speed=2.09/s ETA=0.5h sparsity=0.979
[train/slt_lif_mpc_free] ep 1/1 step 1000 pred=0.0041 sparse=0.0200 action=0.0000 total=0.0041 speed=2.16/s ETA=0.5h sparsity=0.980
[train/slt_lif_mpc_free] ep 1/1 step 1200 pred=0.0041 sparse=0.0204 action=0.0000 total=0.0041 speed=2.25/s ETA=0.4h sparsity=0.980
[train/slt_lif_mpc_free] ep 1/1 step 1400 pred=0.0044 sparse=0.0217 action=0.0000 total=0.0044 speed=2.31/s ETA=0.4h sparsity=0.978
[train/slt_lif_mpc_free] ep 1/1 step 1600 pred=0.0039 sparse=0.0199 action=0.0000 total=0.0039 speed=2.33/s ETA=0.4h sparsity=0.980
[train/slt_lif_mpc_free] ep 1/1 step 1800 pred=0.0044 sparse=0.0212 action=0.0000 total=0.0044 speed=2.34/s ETA=0.3h sparsity=0.979
[train/slt_lif_mpc_free] ep 1/1 step 2000 pred=0.0039 sparse=0.0202 action=0.0000 total=0.0039 speed=2.37/s ETA=0.3h sparsity=0.980
[train/slt_lif_mpc_free] saved /home/lx/snn/results/5m_seed2/cross_benchmark_F1/slt_lif_mpc_free/seed_0/step2000.pt
[train/slt_lif_mpc_free] ep 1/1 step 2200 pred=0.0039 sparse=0.0197 action=0.0000 total=0.0039 speed=2.40/s ETA=0.3h sparsity=0.980
[train/slt_lif_mpc_free] ep 1/1 step 2400 pred=0.0039 sparse=0.0201 action=0.0000 total=0.0039 speed=2.43/s ETA=0.3h sparsity=0.980
[train/slt_lif_mpc_free] ep 1/1 step 2600 pred=0.0044 sparse=0.0214 action=0.0000 total=0.0044 speed=2.46/s ETA=0.2h sparsity=0.979
[train/slt_lif_mpc_free] ep 1/1 step 2800 pred=0.0040 sparse=0.0214 action=0.0000 total=0.0040 speed=2.48/s ETA=0.2h sparsity=0.979
[train/slt_lif_mpc_free] ep 1/1 step 3000 pred=nan sparse=0.0199 action=0.0000 total=nan speed=2.51/s ETA=0.2h sparsity=0.980
[train/slt_lif_mpc_free] ep 1/1 step 3200 pred=0.0045 sparse=0.0212 action=0.0000 total=0.0045 speed=2.52/s ETA=0.2h sparsity=0.979
[train/slt_lif_mpc_free] ep 1/1 step 3400 pred=0.0041 sparse=0.0203 action=0.0000 total=0.0041 speed=2.54/s ETA=0.1h sparsity=0.980
[train/slt_lif_mpc_free] ep 1/1 step 3600 pred=0.0037 sparse=0.0200 action=0.0000 total=0.0037 speed=2.56/s ETA=0.1h sparsity=0.980
[train/slt_lif_mpc_free] ep 1/1 step 3800 pred=0.0041 sparse=0.0207 action=0.0000 total=0.0041 speed=2.57/s ETA=0.1h sparsity=0.979
[train/slt_lif_mpc_free] ep 1/1 step 4000 pred=0.0039 sparse=0.0203 action=0.0000 total=0.0039 speed=2.59/s ETA=0.1h sparsity=0.980
[train/slt_lif_mpc_free] saved /home/lx/snn/results/5m_seed2/cross_benchmark_F1/slt_lif_mpc_free/seed_0/step4000.pt
[train/slt_lif_mpc_free] ep 1/1 step 4200 pred=0.0044 sparse=0.0226 action=0.0000 total=0.0044 speed=2.60/s ETA=0.1h sparsity=0.977
[train/slt_lif_mpc_free] ep 1/1 step 4400 pred=0.0039 sparse=0.0207 action=0.0000 total=0.0039 speed=2.61/s ETA=0.0h sparsity=0.979
[train/slt_lif_mpc_free] ep 1/1 step 4600 pred=0.0039 sparse=0.0208 action=0.0000 total=0.0039 speed=2.62/s ETA=0.0h sparsity=0.979
[train/slt_lif_mpc_free] final saved /home/lx/snn/results/5m_seed2/cross_benchmark_F1/slt_lif_mpc_free/seed_0/final.pt
[train/slt_lif_mpc_free] loss log saved /home/lx/snn/results/5m_seed2/cross_benchmark_F1/slt_lif_mpc_free/seed_0/loss_log.json
