/home/lx/miniconda3/envs/snn/lib/python3.10/runpy.py:126: RuntimeWarning: 'code.train.train' found in sys.modules after import of package 'code.train', but prior to execution of 'code.train.train'; this may result in unpredictable behaviour
  warn(RuntimeWarning(msg))
[train/stjewm] cmd: {'model': 'stjewm', 'env_kind': None, 'image_size': 0, 'multi_env_spec': 'configs/oodc_5m/cross_benchmark_F1.json', 'pad_obs_to': 128, 'action_dim': 56, 'embed_dim': 192, 'data': None, 'out': '/home/lx/snn/results/5m_seed1/cross_benchmark_F1/stjewm_rate_only/seed_0', 'epochs': 1, 'batch': 32, 'lr': 0.0003, 'num_workers': 0, 'save_every': 2000, 'log_every': 200, 'seed': 1, 'n_layers': 2, 'hidden_dim': None, 'mlp_hidden': None, 'mlp_layers': None, 'slt_layers': None, 'slt_din': None, 'lambda_sigreg': 0.09, 'lambda_goal': 0.5, 'goal_offset': 25, 'history_size': 1, 't_pred': 3, 'max_windows': None, 'n_episodes': 50, 'max_steps_per_ep': 200, 'readout_mode': 'rate_only'}
[train/stjewm] STJEWM params total=8.16M trainable=2.70M, 150000 windows/epoch, batch=32, epochs=1, lr=0.0003, lambda_sigreg=0.09, lambda_goal=0.5, goal_offset=25, history=1
[train/stjewm] ep 1/1 step 200 pred=0.0126 sigreg=30.0785 goal=0.0133 total=2.7263 speed=3.52/s ETA=0.4h sparsity=0.921
[train/stjewm] ep 1/1 step 400 pred=0.0123 sigreg=33.1964 goal=0.0129 total=3.0065 speed=3.54/s ETA=0.3h sparsity=0.914
[train/stjewm] ep 1/1 step 600 pred=0.0118 sigreg=36.9079 goal=0.0115 total=3.3393 speed=3.55/s ETA=0.3h sparsity=0.913
[train/stjewm] ep 1/1 step 800 pred=0.0132 sigreg=27.9528 goal=0.0119 total=2.5349 speed=3.56/s ETA=0.3h sparsity=0.916
[train/stjewm] ep 1/1 step 1000 pred=0.0118 sigreg=36.7548 goal=0.0117 total=3.3256 speed=3.56/s ETA=0.3h sparsity=0.913
[train/stjewm] ep 1/1 step 1200 pred=0.0115 sigreg=37.0208 goal=0.0117 total=3.3492 speed=3.55/s ETA=0.3h sparsity=0.914
[train/stjewm] ep 1/1 step 1400 pred=0.0112 sigreg=36.9827 goal=0.0114 total=3.3453 speed=3.56/s ETA=0.3h sparsity=0.914
[train/stjewm] ep 1/1 step 1600 pred=0.0122 sigreg=33.3057 goal=0.0118 total=3.0156 speed=3.51/s ETA=0.2h sparsity=0.915
[train/stjewm] ep 1/1 step 1800 pred=0.0114 sigreg=36.9077 goal=0.0118 total=3.3390 speed=3.52/s ETA=0.2h sparsity=0.912
[train/stjewm] ep 1/1 step 2000 pred=0.0114 sigreg=41.1287 goal=0.0115 total=3.7187 speed=3.53/s ETA=0.2h sparsity=0.914
[train/stjewm] saved /home/lx/snn/results/5m_seed1/cross_benchmark_F1/stjewm_rate_only/seed_0/step2000.pt
[train/stjewm] ep 1/1 step 2200 pred=0.0121 sigreg=33.3106 goal=0.0122 total=3.0162 speed=3.53/s ETA=0.2h sparsity=0.915
[train/stjewm] ep 1/1 step 2400 pred=0.0121 sigreg=33.2296 goal=0.0127 total=3.0091 speed=3.54/s ETA=0.2h sparsity=0.917
[train/stjewm] ep 1/1 step 2600 pred=0.0128 sigreg=33.1570 goal=0.0120 total=3.0029 speed=3.54/s ETA=0.2h sparsity=0.915
[train/stjewm] ep 1/1 step 2800 pred=0.0111 sigreg=41.0728 goal=0.0125 total=3.7139 speed=3.54/s ETA=0.1h sparsity=0.914
[train/stjewm] ep 1/1 step 3000 pred=0.0133 sigreg=27.4109 goal=0.0104 total=2.4855 speed=3.54/s ETA=0.1h sparsity=0.912
[train/stjewm] ep 1/1 step 3200 pred=0.0118 sigreg=36.9515 goal=0.0117 total=3.3432 speed=3.52/s ETA=0.1h sparsity=0.913
[train/stjewm] ep 1/1 step 3400 pred=0.0117 sigreg=36.5420 goal=0.0115 total=3.3063 speed=3.52/s ETA=0.1h sparsity=0.912
[train/stjewm] ep 1/1 step 3600 pred=0.0126 sigreg=30.0895 goal=0.0118 total=2.7265 speed=3.53/s ETA=0.1h sparsity=0.917
[train/stjewm] ep 1/1 step 3800 pred=0.0126 sigreg=30.0006 goal=0.0125 total=2.7189 speed=3.52/s ETA=0.1h sparsity=0.916
[train/stjewm] ep 1/1 step 4000 pred=0.0132 sigreg=25.8009 goal=0.0121 total=2.3414 speed=3.53/s ETA=0.1h sparsity=0.918
[train/stjewm] saved /home/lx/snn/results/5m_seed1/cross_benchmark_F1/stjewm_rate_only/seed_0/step4000.pt
[train/stjewm] ep 1/1 step 4200 pred=0.0123 sigreg=33.1122 goal=0.0111 total=2.9980 speed=3.53/s ETA=0.0h sparsity=0.913
[train/stjewm] ep 1/1 step 4400 pred=0.0145 sigreg=25.9604 goal=0.0116 total=2.3567 speed=3.53/s ETA=0.0h sparsity=0.914
[train/stjewm] ep 1/1 step 4600 pred=0.0118 sigreg=36.7460 goal=0.0118 total=3.3248 speed=3.53/s ETA=0.0h sparsity=0.913
[train/stjewm] final saved /home/lx/snn/results/5m_seed1/cross_benchmark_F1/stjewm_rate_only/seed_0/final.pt
[train/stjewm] loss log saved /home/lx/snn/results/5m_seed1/cross_benchmark_F1/stjewm_rate_only/seed_0/loss_log.json
