/home/lx/miniconda3/envs/snn/lib/python3.10/runpy.py:126: RuntimeWarning: 'code.train.train' found in sys.modules after import of package 'code.train', but prior to execution of 'code.train.train'; this may result in unpredictable behaviour
  warn(RuntimeWarning(msg))
[train/stjewm] cmd: {'model': 'stjewm', 'env_kind': None, 'image_size': 0, 'multi_env_spec': 'configs/oodc_5m/generalist_16env.json', 'pad_obs_to': 128, 'action_dim': 56, 'embed_dim': 192, 'data': None, 'out': '/home/lx/snn/results/5m_seed1/generalist_16env/stjewm_rate_only/seed_0', 'epochs': 1, 'batch': 32, 'lr': 0.0003, 'num_workers': 0, 'save_every': 2000, 'log_every': 200, 'seed': 1, 'n_layers': 2, 'hidden_dim': None, 'mlp_hidden': None, 'mlp_layers': None, 'slt_layers': None, 'slt_din': None, 'lambda_sigreg': 0.09, 'lambda_goal': 0.5, 'goal_offset': 25, 'history_size': 1, 't_pred': 3, 'max_windows': None, 'n_episodes': 50, 'max_steps_per_ep': 200, 'readout_mode': 'rate_only'}
[train/stjewm] STJEWM params total=8.16M trainable=2.70M, 160000 windows/epoch, batch=32, epochs=1, lr=0.0003, lambda_sigreg=0.09, lambda_goal=0.5, goal_offset=25, history=1
[train/stjewm] ep 1/1 step 200 pred=0.0126 sigreg=30.0143 goal=0.0116 total=2.7197 speed=4.05/s ETA=0.3h sparsity=0.908
[train/stjewm] ep 1/1 step 400 pred=0.0151 sigreg=22.2251 goal=0.0099 total=2.0203 speed=4.03/s ETA=0.3h sparsity=0.904
[train/stjewm] ep 1/1 step 600 pred=0.0129 sigreg=27.2292 goal=0.0117 total=2.4693 speed=4.03/s ETA=0.3h sparsity=0.913
[train/stjewm] ep 1/1 step 800 pred=0.0142 sigreg=25.0632 goal=0.0122 total=2.2759 speed=4.01/s ETA=0.3h sparsity=0.917
[train/stjewm] ep 1/1 step 1000 pred=0.0140 sigreg=23.4572 goal=0.0103 total=2.1303 speed=3.86/s ETA=0.3h sparsity=0.915
[train/stjewm] ep 1/1 step 1200 pred=0.0115 sigreg=33.2627 goal=0.0123 total=3.0113 speed=4.00/s ETA=0.3h sparsity=0.914
[train/stjewm] ep 1/1 step 1400 pred=0.0114 sigreg=36.5849 goal=0.0116 total=3.3098 speed=4.11/s ETA=0.2h sparsity=0.912
[train/stjewm] ep 1/1 step 1600 pred=0.0113 sigreg=36.9116 goal=0.0109 total=3.3388 speed=4.19/s ETA=0.2h sparsity=0.914
[train/stjewm] ep 1/1 step 1800 pred=0.0130 sigreg=27.2547 goal=0.0105 total=2.4711 speed=4.18/s ETA=0.2h sparsity=0.906
[train/stjewm] ep 1/1 step 2000 pred=0.0125 sigreg=33.1775 goal=0.0109 total=3.0040 speed=4.17/s ETA=0.2h sparsity=0.910
[train/stjewm] saved /home/lx/snn/results/5m_seed1/generalist_16env/stjewm_rate_only/seed_0/step2000.pt
[train/stjewm] ep 1/1 step 2200 pred=0.0141 sigreg=23.2108 goal=0.0109 total=2.1086 speed=4.16/s ETA=0.2h sparsity=0.911
[train/stjewm] ep 1/1 step 2400 pred=0.0132 sigreg=27.4388 goal=0.0112 total=2.4883 speed=4.15/s ETA=0.2h sparsity=0.912
[train/stjewm] ep 1/1 step 2600 pred=0.0132 sigreg=27.1715 goal=0.0109 total=2.4641 speed=4.08/s ETA=0.2h sparsity=0.910
[train/stjewm] ep 1/1 step 2800 pred=0.0123 sigreg=33.1195 goal=0.0127 total=2.9994 speed=4.07/s ETA=0.2h sparsity=0.914
[train/stjewm] ep 1/1 step 3000 pred=0.0133 sigreg=27.3216 goal=0.0115 total=2.4780 speed=4.06/s ETA=0.1h sparsity=0.907
[train/stjewm] ep 1/1 step 3200 pred=0.0122 sigreg=33.2297 goal=0.0109 total=3.0084 speed=4.01/s ETA=0.1h sparsity=0.915
[train/stjewm] ep 1/1 step 3400 pred=0.0125 sigreg=29.9226 goal=0.0107 total=2.7108 speed=3.96/s ETA=0.1h sparsity=0.913
[train/stjewm] ep 1/1 step 3600 pred=0.0129 sigreg=29.9475 goal=0.0118 total=2.7141 speed=3.91/s ETA=0.1h sparsity=0.912
[train/stjewm] ep 1/1 step 3800 pred=0.0131 sigreg=27.4171 goal=0.0110 total=2.4862 speed=3.87/s ETA=0.1h sparsity=0.907
[train/stjewm] ep 1/1 step 4000 pred=0.0151 sigreg=22.7069 goal=0.0105 total=2.0640 speed=3.84/s ETA=0.1h sparsity=0.905
[train/stjewm] saved /home/lx/snn/results/5m_seed1/generalist_16env/stjewm_rate_only/seed_0/step4000.pt
[train/stjewm] ep 1/1 step 4200 pred=0.0145 sigreg=23.2372 goal=0.0099 total=2.1108 speed=3.85/s ETA=0.1h sparsity=0.905
[train/stjewm] ep 1/1 step 4400 pred=0.0142 sigreg=22.0190 goal=0.0113 total=2.0015 speed=3.85/s ETA=0.0h sparsity=0.910
[train/stjewm] ep 1/1 step 4600 pred=0.0127 sigreg=29.9961 goal=0.0114 total=2.7180 speed=3.89/s ETA=0.0h sparsity=0.909
[train/stjewm] ep 1/1 step 4800 pred=0.0138 sigreg=25.0356 goal=0.0116 total=2.2728 speed=3.92/s ETA=0.0h sparsity=0.910
[train/stjewm] ep 1/1 step 5000 pred=0.0127 sigreg=32.9600 goal=0.0117 total=2.9850 speed=3.95/s ETA=0.0h sparsity=0.911
[train/stjewm] final saved /home/lx/snn/results/5m_seed1/generalist_16env/stjewm_rate_only/seed_0/final.pt
[train/stjewm] loss log saved /home/lx/snn/results/5m_seed1/generalist_16env/stjewm_rate_only/seed_0/loss_log.json
