/home/lx/miniconda3/envs/snn/lib/python3.10/runpy.py:126: RuntimeWarning: 'code.train.train' found in sys.modules after import of package 'code.train', but prior to execution of 'code.train.train'; this may result in unpredictable behaviour
  warn(RuntimeWarning(msg))
[train/stjewm] cmd: {'model': 'stjewm', 'env_kind': None, 'image_size': 0, 'multi_env_spec': 'configs/oodc_5m/generalist_16env.json', 'pad_obs_to': 128, 'action_dim': 56, 'embed_dim': 192, 'data': None, 'out': '/home/lx/snn/results/5m_seed1/generalist_16env/stjewm_no_trace/seed_0', 'epochs': 1, 'batch': 32, 'lr': 0.0003, 'num_workers': 0, 'save_every': 2000, 'log_every': 200, 'seed': 1, 'n_layers': 2, 'hidden_dim': None, 'mlp_hidden': None, 'mlp_layers': None, 'slt_layers': None, 'slt_din': None, 'lambda_sigreg': 0.09, 'lambda_goal': 0.5, 'goal_offset': 25, 'history_size': 1, 't_pred': 3, 'max_windows': None, 'n_episodes': 50, 'max_steps_per_ep': 200, 'readout_mode': 'no_trace'}
[train/stjewm] STJEWM params total=8.16M trainable=2.70M, 160000 windows/epoch, batch=32, epochs=1, lr=0.0003, lambda_sigreg=0.09, lambda_goal=0.5, goal_offset=25, history=1
[train/stjewm] ep 1/1 step 200 pred=4.7304 sigreg=30.0143 goal=2.4241 total=8.6437 speed=4.74/s ETA=0.3h sparsity=0.908
[train/stjewm] ep 1/1 step 400 pred=5.4115 sigreg=22.2251 goal=2.2874 total=8.5554 speed=4.79/s ETA=0.3h sparsity=0.904
[train/stjewm] ep 1/1 step 600 pred=4.6456 sigreg=27.2292 goal=2.1566 total=8.1746 speed=4.79/s ETA=0.3h sparsity=0.913
[train/stjewm] ep 1/1 step 800 pred=5.0508 sigreg=25.0632 goal=2.3278 total=8.4704 speed=4.78/s ETA=0.2h sparsity=0.917
[train/stjewm] ep 1/1 step 1000 pred=5.1734 sigreg=23.4572 goal=2.2633 total=8.4162 speed=4.77/s ETA=0.2h sparsity=0.915
[train/stjewm] ep 1/1 step 1200 pred=nan sigreg=33.2627 goal=1.7247 total=nan speed=4.75/s ETA=0.2h sparsity=0.914
[train/stjewm] ep 1/1 step 1400 pred=4.3230 sigreg=36.5849 goal=1.9428 total=8.5870 speed=4.74/s ETA=0.2h sparsity=0.912
[train/stjewm] ep 1/1 step 1600 pred=4.2370 sigreg=36.9116 goal=1.8132 total=8.4656 speed=4.73/s ETA=0.2h sparsity=0.914
[train/stjewm] ep 1/1 step 1800 pred=4.6662 sigreg=27.2547 goal=2.0089 total=8.1236 speed=4.73/s ETA=0.2h sparsity=0.906
[train/stjewm] ep 1/1 step 2000 pred=4.6522 sigreg=33.1775 goal=1.8198 total=8.5481 speed=4.70/s ETA=0.2h sparsity=0.910
[train/stjewm] saved /home/lx/snn/results/5m_seed1/generalist_16env/stjewm_no_trace/seed_0/step2000.pt
[train/stjewm] ep 1/1 step 2200 pred=5.2529 sigreg=23.2108 goal=nan total=nan speed=4.68/s ETA=0.2h sparsity=0.911
[train/stjewm] ep 1/1 step 2400 pred=4.8988 sigreg=27.4388 goal=2.0183 total=8.3775 speed=4.68/s ETA=0.2h sparsity=0.912
[train/stjewm] ep 1/1 step 2600 pred=4.8368 sigreg=27.1715 goal=1.9850 total=8.2747 speed=4.67/s ETA=0.1h sparsity=0.910
[train/stjewm] ep 1/1 step 2800 pred=4.6088 sigreg=33.1195 goal=2.1491 total=8.6641 speed=4.66/s ETA=0.1h sparsity=0.914
[train/stjewm] ep 1/1 step 3000 pred=4.9358 sigreg=27.3216 goal=2.2350 total=8.5123 speed=4.66/s ETA=0.1h sparsity=0.907
[train/stjewm] ep 1/1 step 3200 pred=4.4745 sigreg=33.2297 goal=1.7884 total=8.3594 speed=4.66/s ETA=0.1h sparsity=0.915
[train/stjewm] ep 1/1 step 3400 pred=4.7367 sigreg=29.9226 goal=2.0080 total=8.4338 speed=4.66/s ETA=0.1h sparsity=0.913
[train/stjewm] ep 1/1 step 3600 pred=5.1626 sigreg=29.9475 goal=2.0710 total=8.8934 speed=4.66/s ETA=0.1h sparsity=0.912
[train/stjewm] ep 1/1 step 3800 pred=4.8232 sigreg=27.4171 goal=2.0293 total=8.3054 speed=4.66/s ETA=0.1h sparsity=0.907
[train/stjewm] ep 1/1 step 4000 pred=5.6188 sigreg=22.7069 goal=2.0021 total=8.6635 speed=4.66/s ETA=0.1h sparsity=0.905
[train/stjewm] saved /home/lx/snn/results/5m_seed1/generalist_16env/stjewm_no_trace/seed_0/step4000.pt
[train/stjewm] ep 1/1 step 4200 pred=5.2326 sigreg=23.2372 goal=1.8633 total=8.2556 speed=4.66/s ETA=0.0h sparsity=0.905
[train/stjewm] ep 1/1 step 4400 pred=5.2724 sigreg=22.0190 goal=2.1517 total=8.3300 speed=4.66/s ETA=0.0h sparsity=0.910
[train/stjewm] ep 1/1 step 4600 pred=4.5816 sigreg=29.9961 goal=2.0825 total=8.3225 speed=4.66/s ETA=0.0h sparsity=0.909
[train/stjewm] ep 1/1 step 4800 pred=5.0596 sigreg=25.0356 goal=2.1772 total=8.4014 speed=4.66/s ETA=0.0h sparsity=0.910
[train/stjewm] ep 1/1 step 5000 pred=4.8032 sigreg=32.9600 goal=2.0955 total=8.8174 speed=4.67/s ETA=0.0h sparsity=0.911
[train/stjewm] final saved /home/lx/snn/results/5m_seed1/generalist_16env/stjewm_no_trace/seed_0/final.pt
[train/stjewm] loss log saved /home/lx/snn/results/5m_seed1/generalist_16env/stjewm_no_trace/seed_0/loss_log.json
