/home/lx/miniconda3/envs/snn/lib/python3.10/runpy.py:126: RuntimeWarning: 'code.train.train' found in sys.modules after import of package 'code.train', but prior to execution of 'code.train.train'; this may result in unpredictable behaviour
  warn(RuntimeWarning(msg))
[train/stjewm] cmd: {'model': 'stjewm', 'env_kind': None, 'image_size': 0, 'multi_env_spec': 'configs/oodc_5m/generalist_16env.json', 'pad_obs_to': 128, 'action_dim': 56, 'embed_dim': 192, 'data': None, 'out': '/home/lx/snn/results/5m_seed1/generalist_16env/stjewm_hidden_leak/seed_0', 'epochs': 1, 'batch': 32, 'lr': 0.0003, 'num_workers': 0, 'save_every': 2000, 'log_every': 200, 'seed': 1, 'n_layers': 2, 'hidden_dim': None, 'mlp_hidden': None, 'mlp_layers': None, 'slt_layers': None, 'slt_din': None, 'lambda_sigreg': 0.09, 'lambda_goal': 0.5, 'goal_offset': 25, 'history_size': 1, 't_pred': 3, 'max_windows': None, 'n_episodes': 50, 'max_steps_per_ep': 200, 'readout_mode': 'hidden_leak'}
[train/stjewm] STJEWM params total=8.16M trainable=2.70M, 160000 windows/epoch, batch=32, epochs=1, lr=0.0003, lambda_sigreg=0.09, lambda_goal=0.5, goal_offset=25, history=1
[train/stjewm] ep 1/1 step 200 pred=4.7431 sigreg=30.0143 goal=2.4213 total=8.6550 speed=4.69/s ETA=0.3h sparsity=0.908
[train/stjewm] ep 1/1 step 400 pred=5.4237 sigreg=22.2251 goal=2.2858 total=8.5668 speed=4.74/s ETA=0.3h sparsity=0.904
[train/stjewm] ep 1/1 step 600 pred=4.6582 sigreg=27.2292 goal=nan total=nan speed=4.74/s ETA=0.3h sparsity=0.913
[train/stjewm] ep 1/1 step 800 pred=5.0627 sigreg=25.0632 goal=nan total=nan speed=4.75/s ETA=0.2h sparsity=0.917
[train/stjewm] ep 1/1 step 1000 pred=5.1860 sigreg=23.4572 goal=2.2604 total=8.4273 speed=4.76/s ETA=0.2h sparsity=0.915
[train/stjewm] ep 1/1 step 1200 pred=nan sigreg=33.2627 goal=nan total=nan speed=4.76/s ETA=0.2h sparsity=0.914
[train/stjewm] ep 1/1 step 1400 pred=4.3166 sigreg=36.5849 goal=1.9411 total=8.5798 speed=4.75/s ETA=0.2h sparsity=0.912
[train/stjewm] ep 1/1 step 1600 pred=4.2409 sigreg=36.9116 goal=1.8112 total=8.4686 speed=4.73/s ETA=0.2h sparsity=0.914
[train/stjewm] ep 1/1 step 1800 pred=4.6634 sigreg=27.2547 goal=2.0044 total=8.1186 speed=4.72/s ETA=0.2h sparsity=0.906
[train/stjewm] ep 1/1 step 2000 pred=4.6605 sigreg=33.1775 goal=1.8180 total=8.5555 speed=4.73/s ETA=0.2h sparsity=0.910
[train/stjewm] saved /home/lx/snn/results/5m_seed1/generalist_16env/stjewm_hidden_leak/seed_0/step2000.pt
[train/stjewm] ep 1/1 step 2200 pred=5.2823 sigreg=23.2108 goal=nan total=nan speed=4.73/s ETA=0.2h sparsity=0.911
[train/stjewm] ep 1/1 step 2400 pred=4.8942 sigreg=27.4388 goal=nan total=nan speed=4.73/s ETA=0.2h sparsity=0.912
[train/stjewm] ep 1/1 step 2600 pred=4.8515 sigreg=27.1715 goal=1.9847 total=8.2893 speed=4.72/s ETA=0.1h sparsity=0.910
[train/stjewm] ep 1/1 step 2800 pred=4.6138 sigreg=33.1195 goal=nan total=nan speed=4.71/s ETA=0.1h sparsity=0.914
[train/stjewm] ep 1/1 step 3000 pred=4.9385 sigreg=27.3216 goal=2.2308 total=8.5129 speed=4.65/s ETA=0.1h sparsity=0.907
[train/stjewm] ep 1/1 step 3200 pred=4.4768 sigreg=33.2297 goal=1.7881 total=8.3615 speed=4.52/s ETA=0.1h sparsity=0.915
[train/stjewm] ep 1/1 step 3400 pred=4.7112 sigreg=29.9226 goal=2.0062 total=8.4073 speed=4.42/s ETA=0.1h sparsity=0.913
[train/stjewm] ep 1/1 step 3600 pred=5.1610 sigreg=29.9475 goal=nan total=nan speed=4.38/s ETA=0.1h sparsity=0.912
[train/stjewm] ep 1/1 step 3800 pred=4.8286 sigreg=27.4171 goal=2.0287 total=8.3105 speed=4.35/s ETA=0.1h sparsity=0.907
[train/stjewm] ep 1/1 step 4000 pred=5.6300 sigreg=22.7069 goal=nan total=nan speed=4.35/s ETA=0.1h sparsity=0.905
[train/stjewm] saved /home/lx/snn/results/5m_seed1/generalist_16env/stjewm_hidden_leak/seed_0/step4000.pt
[train/stjewm] ep 1/1 step 4200 pred=5.2471 sigreg=23.2372 goal=1.8623 total=8.2696 speed=4.36/s ETA=0.1h sparsity=0.905
[train/stjewm] ep 1/1 step 4400 pred=5.2917 sigreg=22.0190 goal=nan total=nan speed=4.37/s ETA=0.0h sparsity=0.910
[train/stjewm] ep 1/1 step 4600 pred=4.5853 sigreg=29.9961 goal=2.0815 total=8.3257 speed=4.35/s ETA=0.0h sparsity=0.909
[train/stjewm] ep 1/1 step 4800 pred=5.0711 sigreg=25.0356 goal=nan total=nan speed=4.33/s ETA=0.0h sparsity=0.910
[train/stjewm] ep 1/1 step 5000 pred=4.7836 sigreg=32.9600 goal=2.0940 total=8.7970 speed=4.31/s ETA=0.0h sparsity=0.911
[train/stjewm] final saved /home/lx/snn/results/5m_seed1/generalist_16env/stjewm_hidden_leak/seed_0/final.pt
[train/stjewm] loss log saved /home/lx/snn/results/5m_seed1/generalist_16env/stjewm_hidden_leak/seed_0/loss_log.json
