/home/lx/miniconda3/envs/snn/lib/python3.10/runpy.py:126: RuntimeWarning: 'code.train.train' found in sys.modules after import of package 'code.train', but prior to execution of 'code.train.train'; this may result in unpredictable behaviour
  warn(RuntimeWarning(msg))
[train/gru_baseline] cmd: {'model': 'gru_baseline', 'env_kind': None, 'image_size': 0, 'multi_env_spec': 'configs/oodc_5m/generalist_16env.json', 'pad_obs_to': 128, 'action_dim': 56, 'embed_dim': 192, 'data': None, 'out': '/home/lx/snn/results/5m_seed2/generalist_16env/gru_baseline/seed_0', 'epochs': 1, 'batch': 32, 'lr': 0.0003, 'num_workers': 0, 'save_every': 2000, 'log_every': 200, 'seed': 2, 'n_layers': 2, 'hidden_dim': None, 'mlp_hidden': None, 'mlp_layers': None, 'slt_layers': None, 'slt_din': None, 'lambda_sigreg': 0.09, 'lambda_goal': 0.5, 'goal_offset': 25, 'history_size': 1, 't_pred': 3, 'max_windows': None, 'n_episodes': 50, 'max_steps_per_ep': 200, 'readout_mode': 'hidden_leak'}
[train/gru_baseline] GRUBaseline params total=5.13M trainable=5.13M, 160000 windows/epoch, batch=32, epochs=1, lr=0.0003, lambda_sigreg=0.09, lambda_goal=0.5, goal_offset=25, history=1
[train/gru_baseline] ep 1/1 step 200 pred=nan sigreg=29.8596 goal=nan total=nan speed=34.72/s ETA=0.0h
[train/gru_baseline] ep 1/1 step 400 pred=0.0293 sigreg=21.6841 goal=nan total=nan speed=35.65/s ETA=0.0h
[train/gru_baseline] ep 1/1 step 600 pred=0.0250 sigreg=29.5597 goal=nan total=nan speed=35.95/s ETA=0.0h
[train/gru_baseline] ep 1/1 step 800 pred=0.0264 sigreg=29.7806 goal=0.0082 total=2.7108 speed=36.15/s ETA=0.0h
[train/gru_baseline] ep 1/1 step 1000 pred=0.0277 sigreg=24.7223 goal=nan total=nan speed=36.26/s ETA=0.0h
[train/gru_baseline] ep 1/1 step 1200 pred=0.0293 sigreg=21.9196 goal=nan total=nan speed=36.33/s ETA=0.0h
[train/gru_baseline] ep 1/1 step 1400 pred=0.0269 sigreg=24.9295 goal=nan total=nan speed=36.39/s ETA=0.0h
[train/gru_baseline] ep 1/1 step 1600 pred=0.0263 sigreg=29.6565 goal=0.0086 total=2.6997 speed=36.43/s ETA=0.0h
[train/gru_baseline] ep 1/1 step 1800 pred=0.0249 sigreg=30.0636 goal=0.0083 total=2.7347 speed=36.48/s ETA=0.0h
[train/gru_baseline] ep 1/1 step 2000 pred=0.0230 sigreg=36.8436 goal=0.0081 total=3.3430 speed=36.50/s ETA=0.0h
[train/gru_baseline] saved /home/lx/snn/results/5m_seed2/generalist_16env/gru_baseline/seed_0/step2000.pt
[train/gru_baseline] ep 1/1 step 2200 pred=0.0259 sigreg=27.0075 goal=0.0089 total=2.4610 speed=36.51/s ETA=0.0h
[train/gru_baseline] ep 1/1 step 2400 pred=0.0296 sigreg=21.0597 goal=0.0090 total=1.9295 speed=36.53/s ETA=0.0h
[train/gru_baseline] ep 1/1 step 2600 pred=0.0317 sigreg=20.9648 goal=nan total=nan speed=36.55/s ETA=0.0h
[train/gru_baseline] ep 1/1 step 2800 pred=0.0271 sigreg=27.4096 goal=0.0089 total=2.4984 speed=36.57/s ETA=0.0h
[train/gru_baseline] ep 1/1 step 3000 pred=0.0256 sigreg=32.8367 goal=nan total=nan speed=36.59/s ETA=0.0h
[train/gru_baseline] ep 1/1 step 3200 pred=0.0270 sigreg=24.7919 goal=nan total=nan speed=36.62/s ETA=0.0h
[train/gru_baseline] ep 1/1 step 3400 pred=0.0253 sigreg=33.0771 goal=0.0083 total=3.0064 speed=36.64/s ETA=0.0h
[train/gru_baseline] ep 1/1 step 3600 pred=0.0247 sigreg=29.7637 goal=0.0079 total=2.7074 speed=36.64/s ETA=0.0h
[train/gru_baseline] ep 1/1 step 3800 pred=0.0280 sigreg=24.8693 goal=nan total=nan speed=36.66/s ETA=0.0h
[train/gru_baseline] ep 1/1 step 4000 pred=0.0246 sigreg=29.6865 goal=nan total=nan speed=36.66/s ETA=0.0h
[train/gru_baseline] saved /home/lx/snn/results/5m_seed2/generalist_16env/gru_baseline/seed_0/step4000.pt
[train/gru_baseline] ep 1/1 step 4200 pred=0.0235 sigreg=33.2440 goal=0.0078 total=3.0194 speed=36.66/s ETA=0.0h
[train/gru_baseline] ep 1/1 step 4400 pred=nan sigreg=25.1537 goal=nan total=nan speed=36.66/s ETA=0.0h
[train/gru_baseline] ep 1/1 step 4600 pred=0.0284 sigreg=23.2122 goal=nan total=nan speed=36.67/s ETA=0.0h
[train/gru_baseline] ep 1/1 step 4800 pred=0.0234 sigreg=30.2504 goal=0.0084 total=2.7502 speed=36.67/s ETA=0.0h
[train/gru_baseline] ep 1/1 step 5000 pred=0.0265 sigreg=26.9733 goal=0.0082 total=2.4582 speed=36.67/s ETA=0.0h
[train/gru_baseline] final saved /home/lx/snn/results/5m_seed2/generalist_16env/gru_baseline/seed_0/final.pt
[train/gru_baseline] loss log saved /home/lx/snn/results/5m_seed2/generalist_16env/gru_baseline/seed_0/loss_log.json
