/home/lx/miniconda3/envs/snn/lib/python3.10/runpy.py:126: RuntimeWarning: 'code.train.train' found in sys.modules after import of package 'code.train', but prior to execution of 'code.train.train'; this may result in unpredictable behaviour
  warn(RuntimeWarning(msg))
[train/stjewm] cmd: {'model': 'stjewm', 'env_kind': None, 'image_size': 0, 'multi_env_spec': 'configs/oodc_5m/generalist_16env.json', 'pad_obs_to': 128, 'action_dim': 56, 'embed_dim': 192, 'data': None, 'out': '/home/lx/snn/results/5m_seed2/generalist_16env/stjewm_hidden_leak/seed_0', 'epochs': 1, 'batch': 32, 'lr': 0.0003, 'num_workers': 0, 'save_every': 2000, 'log_every': 200, 'seed': 2, 'n_layers': 2, 'hidden_dim': None, 'mlp_hidden': None, 'mlp_layers': None, 'slt_layers': None, 'slt_din': None, 'lambda_sigreg': 0.09, 'lambda_goal': 0.5, 'goal_offset': 25, 'history_size': 1, 't_pred': 3, 'max_windows': None, 'n_episodes': 50, 'max_steps_per_ep': 200, 'readout_mode': 'hidden_leak'}
[train/stjewm] STJEWM params total=8.16M trainable=2.70M, 160000 windows/epoch, batch=32, epochs=1, lr=0.0003, lambda_sigreg=0.09, lambda_goal=0.5, goal_offset=25, history=1
[train/stjewm] ep 1/1 step 200 pred=4.2134 sigreg=29.7879 goal=1.7227 total=7.7556 speed=3.88/s ETA=0.3h sparsity=0.899
[train/stjewm] ep 1/1 step 400 pred=4.2491 sigreg=27.2019 goal=2.1572 total=7.7759 speed=3.93/s ETA=0.3h sparsity=0.900
[train/stjewm] ep 1/1 step 600 pred=4.4357 sigreg=23.2109 goal=nan total=nan speed=3.92/s ETA=0.3h sparsity=0.906
[train/stjewm] ep 1/1 step 800 pred=4.0014 sigreg=29.7481 goal=nan total=nan speed=3.94/s ETA=0.3h sparsity=0.905
[train/stjewm] ep 1/1 step 1000 pred=4.4540 sigreg=23.0361 goal=1.8024 total=7.4284 speed=3.92/s ETA=0.3h sparsity=0.898
[train/stjewm] ep 1/1 step 1200 pred=4.2877 sigreg=27.2221 goal=1.8203 total=7.6478 speed=3.92/s ETA=0.3h sparsity=0.901
[train/stjewm] ep 1/1 step 1400 pred=4.4930 sigreg=25.2495 goal=nan total=nan speed=3.93/s ETA=0.3h sparsity=0.901
[train/stjewm] ep 1/1 step 1600 pred=nan sigreg=27.1290 goal=nan total=nan speed=4.00/s ETA=0.2h sparsity=0.906
[train/stjewm] ep 1/1 step 1800 pred=3.5523 sigreg=41.0806 goal=1.6090 total=8.0540 speed=4.08/s ETA=0.2h sparsity=0.906
[train/stjewm] ep 1/1 step 2000 pred=3.9422 sigreg=33.2728 goal=nan total=nan speed=4.15/s ETA=0.2h sparsity=0.906
[train/stjewm] saved /home/lx/snn/results/5m_seed2/generalist_16env/stjewm_hidden_leak/seed_0/step2000.pt
[train/stjewm] ep 1/1 step 2200 pred=4.0116 sigreg=33.2412 goal=1.6895 total=7.8480 speed=4.19/s ETA=0.2h sparsity=0.900
[train/stjewm] ep 1/1 step 2400 pred=4.1424 sigreg=29.7403 goal=1.8454 total=7.7417 speed=4.23/s ETA=0.2h sparsity=0.902
[train/stjewm] ep 1/1 step 2600 pred=4.2351 sigreg=33.1490 goal=1.7241 total=8.0805 speed=4.22/s ETA=0.2h sparsity=0.903
[train/stjewm] ep 1/1 step 2800 pred=4.4544 sigreg=30.1405 goal=1.6331 total=7.9836 speed=4.20/s ETA=0.1h sparsity=0.899
[train/stjewm] ep 1/1 step 3000 pred=4.2321 sigreg=30.1187 goal=1.6551 total=7.7703 speed=4.19/s ETA=0.1h sparsity=0.898
[train/stjewm] ep 1/1 step 3200 pred=3.9460 sigreg=29.9289 goal=1.6331 total=7.4562 speed=4.20/s ETA=0.1h sparsity=0.904
[train/stjewm] ep 1/1 step 3400 pred=4.5080 sigreg=22.9200 goal=nan total=nan speed=4.22/s ETA=0.1h sparsity=0.904
[train/stjewm] ep 1/1 step 3600 pred=4.3080 sigreg=25.1553 goal=nan total=nan speed=4.25/s ETA=0.1h sparsity=0.902
[train/stjewm] ep 1/1 step 3800 pred=nan sigreg=27.3556 goal=nan total=nan speed=4.27/s ETA=0.1h sparsity=0.900
[train/stjewm] ep 1/1 step 4000 pred=4.1572 sigreg=30.0064 goal=1.7780 total=7.7468 speed=4.30/s ETA=0.1h sparsity=0.901
[train/stjewm] saved /home/lx/snn/results/5m_seed2/generalist_16env/stjewm_hidden_leak/seed_0/step4000.pt
[train/stjewm] ep 1/1 step 4200 pred=4.1944 sigreg=30.1380 goal=1.8262 total=7.8199 speed=4.33/s ETA=0.1h sparsity=0.898
[train/stjewm] ep 1/1 step 4400 pred=3.8293 sigreg=40.9751 goal=1.4804 total=8.2573 speed=4.35/s ETA=0.0h sparsity=0.906
[train/stjewm] ep 1/1 step 4600 pred=3.7938 sigreg=33.2073 goal=nan total=nan speed=4.37/s ETA=0.0h sparsity=0.911
[train/stjewm] ep 1/1 step 4800 pred=4.1253 sigreg=29.7969 goal=nan total=nan speed=4.39/s ETA=0.0h sparsity=0.906
[train/stjewm] ep 1/1 step 5000 pred=4.4613 sigreg=25.0223 goal=nan total=nan speed=4.40/s ETA=0.0h sparsity=0.897
[train/stjewm] final saved /home/lx/snn/results/5m_seed2/generalist_16env/stjewm_hidden_leak/seed_0/final.pt
[train/stjewm] loss log saved /home/lx/snn/results/5m_seed2/generalist_16env/stjewm_hidden_leak/seed_0/loss_log.json
