/home/lx/miniconda3/envs/snn/lib/python3.10/runpy.py:126: RuntimeWarning: 'code.train.train' found in sys.modules after import of package 'code.train', but prior to execution of 'code.train.train'; this may result in unpredictable behaviour
  warn(RuntimeWarning(msg))
[train/gru_baseline] cmd: {'model': 'gru_baseline', 'env_kind': None, 'image_size': 0, 'multi_env_spec': 'configs/oodc_5m/generalist_16env.json', 'pad_obs_to': 128, 'action_dim': 56, 'embed_dim': 192, 'data': None, 'out': '/home/lx/snn/results/5m_seed1/generalist_16env/gru_baseline/seed_0', 'epochs': 1, 'batch': 32, 'lr': 0.0003, 'num_workers': 0, 'save_every': 2000, 'log_every': 200, 'seed': 1, 'n_layers': 2, 'hidden_dim': None, 'mlp_hidden': None, 'mlp_layers': None, 'slt_layers': None, 'slt_din': None, 'lambda_sigreg': 0.09, 'lambda_goal': 0.5, 'goal_offset': 25, 'history_size': 1, 't_pred': 3, 'max_windows': None, 'n_episodes': 50, 'max_steps_per_ep': 200, 'readout_mode': 'hidden_leak'}
[train/gru_baseline] GRUBaseline params total=5.13M trainable=5.13M, 160000 windows/epoch, batch=32, epochs=1, lr=0.0003, lambda_sigreg=0.09, lambda_goal=0.5, goal_offset=25, history=1
[train/gru_baseline] ep 1/1 step 200 pred=0.0251 sigreg=29.6707 goal=nan total=nan speed=19.32/s ETA=0.1h
[train/gru_baseline] ep 1/1 step 400 pred=0.0251 sigreg=29.7329 goal=0.0083 total=2.7052 speed=20.39/s ETA=0.1h
[train/gru_baseline] ep 1/1 step 600 pred=nan sigreg=29.8919 goal=nan total=nan speed=20.22/s ETA=0.1h
[train/gru_baseline] ep 1/1 step 800 pred=0.0291 sigreg=23.1140 goal=0.0083 total=2.1135 speed=20.13/s ETA=0.1h
[train/gru_baseline] ep 1/1 step 1000 pred=0.0257 sigreg=29.8822 goal=0.0087 total=2.7195 speed=20.08/s ETA=0.1h
[train/gru_baseline] ep 1/1 step 1200 pred=0.0249 sigreg=29.6107 goal=0.0087 total=2.6942 speed=20.06/s ETA=0.1h
[train/gru_baseline] ep 1/1 step 1400 pred=0.0269 sigreg=27.2809 goal=0.0092 total=2.4868 speed=20.07/s ETA=0.0h
[train/gru_baseline] ep 1/1 step 1600 pred=0.0238 sigreg=36.7919 goal=0.0079 total=3.3390 speed=20.07/s ETA=0.0h
[train/gru_baseline] ep 1/1 step 1800 pred=0.0220 sigreg=40.9962 goal=0.0082 total=3.7157 speed=20.22/s ETA=0.0h
[train/gru_baseline] ep 1/1 step 2000 pred=0.0257 sigreg=29.8698 goal=0.0084 total=2.7182 speed=20.20/s ETA=0.0h
[train/gru_baseline] saved /home/lx/snn/results/5m_seed1/generalist_16env/gru_baseline/seed_0/step2000.pt
[train/gru_baseline] ep 1/1 step 2200 pred=0.0276 sigreg=24.8436 goal=nan total=nan speed=20.17/s ETA=0.0h
[train/gru_baseline] ep 1/1 step 2400 pred=nan sigreg=21.5167 goal=nan total=nan speed=20.31/s ETA=0.0h
[train/gru_baseline] ep 1/1 step 2600 pred=0.0272 sigreg=25.4824 goal=0.0086 total=2.3249 speed=20.97/s ETA=0.0h
[train/gru_baseline] ep 1/1 step 2800 pred=0.0242 sigreg=33.1389 goal=0.0096 total=3.0115 speed=21.58/s ETA=0.0h
[train/gru_baseline] ep 1/1 step 3000 pred=nan sigreg=21.4529 goal=nan total=nan speed=22.12/s ETA=0.0h
[train/gru_baseline] ep 1/1 step 3200 pred=nan sigreg=26.9482 goal=nan total=nan speed=22.64/s ETA=0.0h
[train/gru_baseline] ep 1/1 step 3400 pred=0.0216 sigreg=36.8631 goal=0.0078 total=3.3432 speed=23.12/s ETA=0.0h
[train/gru_baseline] ep 1/1 step 3600 pred=0.0243 sigreg=33.2109 goal=0.0087 total=3.0176 speed=23.56/s ETA=0.0h
[train/gru_baseline] ep 1/1 step 3800 pred=0.0267 sigreg=27.1295 goal=nan total=nan speed=23.93/s ETA=0.0h
[train/gru_baseline] ep 1/1 step 4000 pred=0.0266 sigreg=27.1807 goal=0.0084 total=2.4771 speed=23.92/s ETA=0.0h
[train/gru_baseline] saved /home/lx/snn/results/5m_seed1/generalist_16env/gru_baseline/seed_0/step4000.pt
[train/gru_baseline] ep 1/1 step 4200 pred=nan sigreg=26.9719 goal=nan total=nan speed=23.93/s ETA=0.0h
[train/gru_baseline] ep 1/1 step 4400 pred=0.0306 sigreg=22.1283 goal=nan total=nan speed=24.03/s ETA=0.0h
[train/gru_baseline] ep 1/1 step 4600 pred=0.0263 sigreg=27.2576 goal=nan total=nan speed=24.13/s ETA=0.0h
[train/gru_baseline] ep 1/1 step 4800 pred=0.0280 sigreg=24.8680 goal=nan total=nan speed=24.21/s ETA=0.0h
[train/gru_baseline] ep 1/1 step 5000 pred=0.0257 sigreg=29.7150 goal=0.0088 total=2.7045 speed=24.36/s ETA=0.0h
[train/gru_baseline] final saved /home/lx/snn/results/5m_seed1/generalist_16env/gru_baseline/seed_0/final.pt
[train/gru_baseline] loss log saved /home/lx/snn/results/5m_seed1/generalist_16env/gru_baseline/seed_0/loss_log.json
