/home/lx/miniconda3/envs/snn/lib/python3.10/runpy.py:126: RuntimeWarning: 'code.train.train' found in sys.modules after import of package 'code.train', but prior to execution of 'code.train.train'; this may result in unpredictable behaviour
  warn(RuntimeWarning(msg))
[train/stjewm] cmd: {'model': 'stjewm', 'env_kind': None, 'image_size': 0, 'multi_env_spec': 'configs/oodc_5m/generalist_16env.json', 'pad_obs_to': 128, 'action_dim': 56, 'embed_dim': 192, 'data': None, 'out': '/home/lx/snn/results/5m_seed2/generalist_16env/stjewm_rate_only/seed_0', 'epochs': 1, 'batch': 32, 'lr': 0.0003, 'num_workers': 0, 'save_every': 2000, 'log_every': 200, 'seed': 2, 'n_layers': 2, 'hidden_dim': None, 'mlp_hidden': None, 'mlp_layers': None, 'slt_layers': None, 'slt_din': None, 'lambda_sigreg': 0.09, 'lambda_goal': 0.5, 'goal_offset': 25, 'history_size': 1, 't_pred': 3, 'max_windows': None, 'n_episodes': 50, 'max_steps_per_ep': 200, 'readout_mode': 'rate_only'}
[train/stjewm] STJEWM params total=8.16M trainable=2.70M, 160000 windows/epoch, batch=32, epochs=1, lr=0.0003, lambda_sigreg=0.09, lambda_goal=0.5, goal_offset=25, history=1
[train/stjewm] ep 1/1 step 200 pred=0.0137 sigreg=29.7879 goal=0.0109 total=2.7001 speed=4.76/s ETA=0.3h sparsity=0.899
[train/stjewm] ep 1/1 step 400 pred=0.0143 sigreg=27.2019 goal=0.0112 total=2.4680 speed=4.79/s ETA=0.3h sparsity=0.900
[train/stjewm] ep 1/1 step 600 pred=0.0151 sigreg=23.2109 goal=0.0116 total=2.1099 speed=4.78/s ETA=0.3h sparsity=0.906
[train/stjewm] ep 1/1 step 800 pred=0.0135 sigreg=29.7481 goal=0.0114 total=2.6966 speed=4.79/s ETA=0.2h sparsity=0.905
[train/stjewm] ep 1/1 step 1000 pred=0.0153 sigreg=23.0361 goal=0.0099 total=2.0935 speed=4.79/s ETA=0.2h sparsity=0.898
[train/stjewm] ep 1/1 step 1200 pred=0.0142 sigreg=27.2221 goal=0.0109 total=2.4697 speed=4.79/s ETA=0.2h sparsity=0.901
[train/stjewm] ep 1/1 step 1400 pred=0.0144 sigreg=25.2495 goal=0.0113 total=2.2925 speed=4.81/s ETA=0.2h sparsity=0.901
[train/stjewm] ep 1/1 step 1600 pred=0.0130 sigreg=27.1290 goal=0.0120 total=2.4606 speed=4.81/s ETA=0.2h sparsity=0.906
[train/stjewm] ep 1/1 step 1800 pred=0.0120 sigreg=41.0806 goal=0.0116 total=3.7150 speed=4.82/s ETA=0.2h sparsity=0.906
[train/stjewm] ep 1/1 step 2000 pred=0.0127 sigreg=33.2728 goal=0.0123 total=3.0134 speed=4.83/s ETA=0.2h sparsity=0.906
[train/stjewm] saved /home/lx/snn/results/5m_seed2/generalist_16env/stjewm_rate_only/seed_0/step2000.pt
[train/stjewm] ep 1/1 step 2200 pred=0.0129 sigreg=33.2412 goal=0.0111 total=3.0102 speed=4.83/s ETA=0.2h sparsity=0.900
[train/stjewm] ep 1/1 step 2400 pred=0.0132 sigreg=29.7403 goal=0.0111 total=2.6954 speed=4.84/s ETA=0.1h sparsity=0.902
[train/stjewm] ep 1/1 step 2600 pred=0.0133 sigreg=33.1490 goal=0.0114 total=3.0024 speed=4.85/s ETA=0.1h sparsity=0.903
[train/stjewm] ep 1/1 step 2800 pred=0.0136 sigreg=30.1405 goal=0.0109 total=2.7317 speed=4.85/s ETA=0.1h sparsity=0.899
[train/stjewm] ep 1/1 step 3000 pred=0.0135 sigreg=30.1187 goal=0.0109 total=2.7297 speed=4.85/s ETA=0.1h sparsity=0.898
[train/stjewm] ep 1/1 step 3200 pred=0.0133 sigreg=29.9289 goal=0.0109 total=2.7124 speed=4.85/s ETA=0.1h sparsity=0.904
[train/stjewm] ep 1/1 step 3400 pred=0.0152 sigreg=22.9200 goal=0.0111 total=2.0836 speed=4.85/s ETA=0.1h sparsity=0.904
[train/stjewm] ep 1/1 step 3600 pred=0.0149 sigreg=25.1553 goal=0.0115 total=2.2846 speed=4.85/s ETA=0.1h sparsity=0.902
[train/stjewm] ep 1/1 step 3800 pred=0.0140 sigreg=27.3556 goal=0.0120 total=2.4820 speed=4.85/s ETA=0.1h sparsity=0.900
[train/stjewm] ep 1/1 step 4000 pred=0.0137 sigreg=30.0064 goal=0.0115 total=2.7200 speed=4.85/s ETA=0.1h sparsity=0.901
[train/stjewm] saved /home/lx/snn/results/5m_seed2/generalist_16env/stjewm_rate_only/seed_0/step4000.pt
[train/stjewm] ep 1/1 step 4200 pred=0.0136 sigreg=30.1380 goal=0.0109 total=2.7315 speed=4.86/s ETA=0.0h sparsity=0.898
[train/stjewm] ep 1/1 step 4400 pred=0.0118 sigreg=40.9751 goal=0.0118 total=3.7055 speed=4.86/s ETA=0.0h sparsity=0.906
[train/stjewm] ep 1/1 step 4600 pred=0.0127 sigreg=33.2073 goal=0.0123 total=3.0075 speed=4.86/s ETA=0.0h sparsity=0.911
[train/stjewm] ep 1/1 step 4800 pred=0.0138 sigreg=29.7969 goal=0.0120 total=2.7015 speed=4.86/s ETA=0.0h sparsity=0.906
[train/stjewm] ep 1/1 step 5000 pred=0.0150 sigreg=25.0223 goal=0.0108 total=2.2724 speed=4.86/s ETA=0.0h sparsity=0.897
[train/stjewm] final saved /home/lx/snn/results/5m_seed2/generalist_16env/stjewm_rate_only/seed_0/final.pt
[train/stjewm] loss log saved /home/lx/snn/results/5m_seed2/generalist_16env/stjewm_rate_only/seed_0/loss_log.json
