[14:03:49] [gpu0] START stjewm_rate_only(stjewm,rate_only) cross_benchmark_F1 seed=1
[14:26:30] [gpu0] OK stjewm_rate_only cross_benchmark_F1 seed=1 (1361s)
[14:27:49] [gpu0] START alif_timecell_baseline(alif_timecell_baseline,) cross_benchmark_F1 seed=1
[14:38:49] [gpu0] OK alif_timecell_baseline cross_benchmark_F1 seed=1 (660s)
[14:38:49] [gpu0] START stjewm_rate_only(stjewm,rate_only) cross_benchmark_F1 seed=2
[14:57:17] [gpu0] OK stjewm_rate_only cross_benchmark_F1 seed=2 (1107s)
[14:57:17] [gpu0] START alif_timecell_baseline(alif_timecell_baseline,) cross_benchmark_F1 seed=2
[15:05:14] [gpu0] OK alif_timecell_baseline cross_benchmark_F1 seed=2 (477s)
[15:05:14] [gpu0] START stjewm_rate_only(stjewm,rate_only) oodc_F2 seed=1
[15:05:58] [gpu0] OK stjewm_rate_only oodc_F2 seed=1 (44s)
[15:05:58] [gpu0] START alif_timecell_baseline(alif_timecell_baseline,) oodc_F2 seed=1
[15:06:18] [gpu0] OK alif_timecell_baseline oodc_F2 seed=1 (20s)
[15:06:18] [gpu0] START stjewm_rate_only(stjewm,rate_only) oodc_F2 seed=2
[15:07:02] [gpu0] OK stjewm_rate_only oodc_F2 seed=2 (44s)
[15:07:02] [gpu0] START alif_timecell_baseline(alif_timecell_baseline,) oodc_F2 seed=2
[15:07:22] [gpu0] OK alif_timecell_baseline oodc_F2 seed=2 (20s)
[15:07:22] [gpu0] START stjewm_rate_only(stjewm,rate_only) generalist_16env seed=1
[15:28:50] [gpu0] OK stjewm_rate_only generalist_16env seed=1 (1289s)
[15:28:50] [gpu0] START alif_timecell_baseline(alif_timecell_baseline,) generalist_16env seed=1
[15:37:41] [gpu0] OK alif_timecell_baseline generalist_16env seed=1 (531s)
[15:37:41] [gpu0] START stjewm_rate_only(stjewm,rate_only) generalist_16env seed=2
[15:55:03] [gpu0] OK stjewm_rate_only generalist_16env seed=2 (1042s)
[15:55:03] [gpu0] START alif_timecell_baseline(alif_timecell_baseline,) generalist_16env seed=2
[16:03:37] [gpu0] OK alif_timecell_baseline generalist_16env seed=2 (514s)
