[14:03:49] [gpu2] START stjewm_hidden_leak(stjewm,hidden_leak) cross_benchmark_F1 seed=1
[14:26:19] [gpu2] OK stjewm_hidden_leak cross_benchmark_F1 seed=1 (1350s)
[14:27:49] [gpu2] START gru_baseline(gru_baseline,) cross_benchmark_F1 seed=1
[14:31:19] [gpu2] OK gru_baseline cross_benchmark_F1 seed=1 (209s)
[14:31:19] [gpu2] START stjewm_hidden_leak(stjewm,hidden_leak) cross_benchmark_F1 seed=2
[14:52:23] [gpu2] OK stjewm_hidden_leak cross_benchmark_F1 seed=2 (1265s)
[14:52:23] [gpu2] START gru_baseline(gru_baseline,) cross_benchmark_F1 seed=2
[14:54:48] [gpu2] OK gru_baseline cross_benchmark_F1 seed=2 (144s)
[14:54:48] [gpu2] START stjewm_hidden_leak(stjewm,hidden_leak) oodc_F2 seed=1
[14:55:36] [gpu2] OK stjewm_hidden_leak oodc_F2 seed=1 (48s)
[14:55:36] [gpu2] START gru_baseline(gru_baseline,) oodc_F2 seed=1
[14:55:51] [gpu2] OK gru_baseline oodc_F2 seed=1 (15s)
[14:55:51] [gpu2] START stjewm_hidden_leak(stjewm,hidden_leak) oodc_F2 seed=2
[14:56:38] [gpu2] OK stjewm_hidden_leak oodc_F2 seed=2 (47s)
[14:56:38] [gpu2] START gru_baseline(gru_baseline,) oodc_F2 seed=2
[14:56:53] [gpu2] OK gru_baseline oodc_F2 seed=2 (15s)
[14:56:53] [gpu2] START stjewm_hidden_leak(stjewm,hidden_leak) generalist_16env seed=1
[15:16:31] [gpu2] OK stjewm_hidden_leak generalist_16env seed=1 (1178s)
[15:16:31] [gpu2] START gru_baseline(gru_baseline,) generalist_16env seed=1
[15:20:15] [gpu2] OK gru_baseline generalist_16env seed=1 (225s)
[15:20:15] [gpu2] START stjewm_hidden_leak(stjewm,hidden_leak) generalist_16env seed=2
[15:39:34] [gpu2] OK stjewm_hidden_leak generalist_16env seed=2 (1158s)
[15:39:34] [gpu2] START gru_baseline(gru_baseline,) generalist_16env seed=2
[15:42:02] [gpu2] OK gru_baseline generalist_16env seed=2 (148s)
