[14:03:49] [gpu3] START stjewm_membrane_readout(stjewm,membrane_readout) cross_benchmark_F1 seed=1
[14:26:15] [gpu3] OK stjewm_membrane_readout cross_benchmark_F1 seed=1 (1346s)
[14:27:49] [gpu3] START spikedreamer_baseline(spikedreamer_baseline,) cross_benchmark_F1 seed=1
[14:38:48] [gpu3] OK spikedreamer_baseline cross_benchmark_F1 seed=1 (659s)
[14:38:48] [gpu3] START stjewm_membrane_readout(stjewm,membrane_readout) cross_benchmark_F1 seed=2
[14:57:10] [gpu3] OK stjewm_membrane_readout cross_benchmark_F1 seed=2 (1102s)
[14:57:10] [gpu3] START spikedreamer_baseline(spikedreamer_baseline,) cross_benchmark_F1 seed=2
[15:05:00] [gpu3] OK spikedreamer_baseline cross_benchmark_F1 seed=2 (470s)
[15:05:00] [gpu3] START stjewm_membrane_readout(stjewm,membrane_readout) oodc_F2 seed=1
[15:05:44] [gpu3] OK stjewm_membrane_readout oodc_F2 seed=1 (43s)
[15:05:44] [gpu3] START spikedreamer_baseline(spikedreamer_baseline,) oodc_F2 seed=1
[15:06:05] [gpu3] OK spikedreamer_baseline oodc_F2 seed=1 (21s)
[15:06:05] [gpu3] START stjewm_membrane_readout(stjewm,membrane_readout) oodc_F2 seed=2
[15:06:50] [gpu3] OK stjewm_membrane_readout oodc_F2 seed=2 (45s)
[15:06:50] [gpu3] START spikedreamer_baseline(spikedreamer_baseline,) oodc_F2 seed=2
[15:07:11] [gpu3] OK spikedreamer_baseline oodc_F2 seed=2 (21s)
[15:07:11] [gpu3] START stjewm_membrane_readout(stjewm,membrane_readout) generalist_16env seed=1
[15:28:30] [gpu3] OK stjewm_membrane_readout generalist_16env seed=1 (1279s)
[15:28:30] [gpu3] START spikedreamer_baseline(spikedreamer_baseline,) generalist_16env seed=1
[15:37:45] [gpu3] OK spikedreamer_baseline generalist_16env seed=1 (555s)
[15:37:45] [gpu3] START stjewm_membrane_readout(stjewm,membrane_readout) generalist_16env seed=2
[15:55:36] [gpu3] OK stjewm_membrane_readout generalist_16env seed=2 (1071s)
[15:55:36] [gpu3] START spikedreamer_baseline(spikedreamer_baseline,) generalist_16env seed=2
[16:04:03] [gpu3] OK spikedreamer_baseline generalist_16env seed=2 (507s)
