[G5] jobs to train: 44
[G5] per-gpu: gpu0=11, gpu1=11, gpu2=11, gpu3=11
[gpu0@14:27:49] START cubifae_baseline(cubifae_baseline,) cross_benchmark_F1 seed=1
[gpu1@14:27:49] START slt_lif_mpc_free(slt_lif_mpc_free,) cross_benchmark_F1 seed=1
[gpu2@14:27:49] START gru_baseline(gru_baseline,) cross_benchmark_F1 seed=1
[gpu3@14:27:49] START spikedreamer_baseline(spikedreamer_baseline,) cross_benchmark_F1 seed=1
[G5] 0/44 ckpts on disk
[G5] 0/44 ckpts on disk
[G5] 0/44 ckpts on disk
[gpu2@14:31:19] OK gru_baseline cross_benchmark_F1 seed=1 (209s)
[gpu2@14:31:19] START stjewm_hidden_leak(stjewm,hidden_leak) cross_benchmark_F1 seed=2
[G5] 1/44 ckpts on disk
[G5] 1/44 ckpts on disk
[G5] 1/44 ckpts on disk
[G5] 1/44 ckpts on disk
[G5] 1/44 ckpts on disk
[G5] 1/44 ckpts on disk
[G5] 1/44 ckpts on disk
[gpu3@14:38:48] OK spikedreamer_baseline cross_benchmark_F1 seed=1 (659s)
[gpu3@14:38:48] START stjewm_membrane_readout(stjewm,membrane_readout) cross_benchmark_F1 seed=2
[gpu0@14:38:49] OK cubifae_baseline cross_benchmark_F1 seed=1 (660s)
[gpu0@14:38:49] START stjewm_rate_only(stjewm,rate_only) cross_benchmark_F1 seed=2
[G5] 3/44 ckpts on disk
[G5] 3/44 ckpts on disk
[G5] 3/44 ckpts on disk
[G5] 3/44 ckpts on disk
[G5] 3/44 ckpts on disk
[G5] 3/44 ckpts on disk
[G5] 3/44 ckpts on disk
[G5] 3/44 ckpts on disk
[G5] 3/44 ckpts on disk
[G5] 3/44 ckpts on disk
[G5] 3/44 ckpts on disk
[G5] 3/44 ckpts on disk
[G5] 3/44 ckpts on disk
[G5] 3/44 ckpts on disk
[gpu2@14:52:23] OK stjewm_hidden_leak cross_benchmark_F1 seed=2 (1265s)
[gpu2@14:52:23] START gru_baseline(gru_baseline,) cross_benchmark_F1 seed=2
[G5] 4/44 ckpts on disk
[G5] 4/44 ckpts on disk
[gpu2@14:54:48] OK gru_baseline cross_benchmark_F1 seed=2 (144s)
[gpu2@14:54:48] START stjewm_hidden_leak(stjewm,hidden_leak) oodc_F2 seed=1
[G5] 5/44 ckpts on disk
[gpu2@14:55:36] OK stjewm_hidden_leak oodc_F2 seed=1 (48s)
[gpu2@14:55:36] START gru_baseline(gru_baseline,) oodc_F2 seed=1
[G5] 7/44 ckpts on disk
[gpu2@14:55:51] OK gru_baseline oodc_F2 seed=1 (15s)
[gpu2@14:55:51] START stjewm_hidden_leak(stjewm,hidden_leak) oodc_F2 seed=2
[gpu2@14:56:38] OK stjewm_hidden_leak oodc_F2 seed=2 (47s)
[gpu2@14:56:38] START gru_baseline(gru_baseline,) oodc_F2 seed=2
[G5] 8/44 ckpts on disk
[gpu2@14:56:53] OK gru_baseline oodc_F2 seed=2 (15s)
[gpu2@14:56:53] START stjewm_hidden_leak(stjewm,hidden_leak) generalist_16env seed=1
[gpu3@14:57:10] OK stjewm_membrane_readout cross_benchmark_F1 seed=2 (1102s)
[gpu3@14:57:10] START spikedreamer_baseline(spikedreamer_baseline,) cross_benchmark_F1 seed=2
[gpu0@14:57:17] OK stjewm_rate_only cross_benchmark_F1 seed=2 (1107s)
[gpu0@14:57:17] START cubifae_baseline(cubifae_baseline,) cross_benchmark_F1 seed=2
[G5] 11/44 ckpts on disk
[G5] 11/44 ckpts on disk
[G5] 11/44 ckpts on disk
[gpu1@15:00:40] OK slt_lif_mpc_free cross_benchmark_F1 seed=1 (1970s)
[gpu1@15:00:40] START stjewm_no_trace(stjewm,no_trace) cross_benchmark_F1 seed=2
[G5] 12/44 ckpts on disk
[G5] 12/44 ckpts on disk
[G5] 12/44 ckpts on disk
[G5] 12/44 ckpts on disk
[G5] 12/44 ckpts on disk
[gpu3@15:05:00] OK spikedreamer_baseline cross_benchmark_F1 seed=2 (470s)
[gpu3@15:05:00] START stjewm_membrane_readout(stjewm,membrane_readout) oodc_F2 seed=1
[gpu0@15:05:14] OK cubifae_baseline cross_benchmark_F1 seed=2 (477s)
[gpu0@15:05:14] START stjewm_rate_only(stjewm,rate_only) oodc_F2 seed=1
[gpu3@15:05:44] OK stjewm_membrane_readout oodc_F2 seed=1 (43s)
[gpu3@15:05:44] START spikedreamer_baseline(spikedreamer_baseline,) oodc_F2 seed=1
[G5] 15/44 ckpts on disk
[gpu0@15:05:58] OK stjewm_rate_only oodc_F2 seed=1 (44s)
[gpu0@15:05:58] START cubifae_baseline(cubifae_baseline,) oodc_F2 seed=1
[gpu3@15:06:05] OK spikedreamer_baseline oodc_F2 seed=1 (21s)
[gpu3@15:06:05] START stjewm_membrane_readout(stjewm,membrane_readout) oodc_F2 seed=2
[gpu0@15:06:18] OK cubifae_baseline oodc_F2 seed=1 (20s)
[gpu0@15:06:18] START stjewm_rate_only(stjewm,rate_only) oodc_F2 seed=2
[gpu3@15:06:50] OK stjewm_membrane_readout oodc_F2 seed=2 (45s)
[gpu3@15:06:50] START spikedreamer_baseline(spikedreamer_baseline,) oodc_F2 seed=2
[G5] 19/44 ckpts on disk
[gpu0@15:07:02] OK stjewm_rate_only oodc_F2 seed=2 (44s)
[gpu0@15:07:02] START cubifae_baseline(cubifae_baseline,) oodc_F2 seed=2
[gpu3@15:07:11] OK spikedreamer_baseline oodc_F2 seed=2 (21s)
[gpu3@15:07:11] START stjewm_membrane_readout(stjewm,membrane_readout) generalist_16env seed=1
[gpu0@15:07:22] OK cubifae_baseline oodc_F2 seed=2 (20s)
[gpu0@15:07:22] START stjewm_rate_only(stjewm,rate_only) generalist_16env seed=1
[G5] 22/44 ckpts on disk
[G5] 22/44 ckpts on disk
[G5] 22/44 ckpts on disk
[G5] 22/44 ckpts on disk
[G5] 22/44 ckpts on disk
[G5] 22/44 ckpts on disk
[G5] 22/44 ckpts on disk
[G5] 22/44 ckpts on disk
[G5] 22/44 ckpts on disk
[gpu2@15:16:31] OK stjewm_hidden_leak generalist_16env seed=1 (1178s)
[gpu2@15:16:31] START gru_baseline(gru_baseline,) generalist_16env seed=1
[G5] 23/44 ckpts on disk
[G5] 23/44 ckpts on disk
[G5] 23/44 ckpts on disk
[gpu1@15:19:29] OK stjewm_no_trace cross_benchmark_F1 seed=2 (1130s)
[gpu1@15:19:29] START slt_lif_mpc_free(slt_lif_mpc_free,) cross_benchmark_F1 seed=2
[G5] 24/44 ckpts on disk
[gpu2@15:20:15] OK gru_baseline generalist_16env seed=1 (225s)
[gpu2@15:20:15] START stjewm_hidden_leak(stjewm,hidden_leak) generalist_16env seed=2
[G5] 25/44 ckpts on disk
[G5] 25/44 ckpts on disk
[G5] 25/44 ckpts on disk
[G5] 25/44 ckpts on disk
[G5] 25/44 ckpts on disk
[G5] 25/44 ckpts on disk
[G5] 25/44 ckpts on disk
[G5] 25/44 ckpts on disk
[gpu3@15:28:30] OK stjewm_membrane_readout generalist_16env seed=1 (1279s)
[gpu3@15:28:30] START spikedreamer_baseline(spikedreamer_baseline,) generalist_16env seed=1
[gpu0@15:28:50] OK stjewm_rate_only generalist_16env seed=1 (1289s)
[gpu0@15:28:50] START cubifae_baseline(cubifae_baseline,) generalist_16env seed=1
[G5] 27/44 ckpts on disk
[G5] 27/44 ckpts on disk
[G5] 27/44 ckpts on disk
[G5] 27/44 ckpts on disk
[G5] 27/44 ckpts on disk
[G5] 27/44 ckpts on disk
[G5] 27/44 ckpts on disk
[G5] 27/44 ckpts on disk
[G5] 27/44 ckpts on disk
[gpu0@15:37:41] OK cubifae_baseline generalist_16env seed=1 (531s)
[gpu0@15:37:41] START stjewm_rate_only(stjewm,rate_only) generalist_16env seed=2
[gpu3@15:37:45] OK spikedreamer_baseline generalist_16env seed=1 (555s)
[gpu3@15:37:45] START stjewm_membrane_readout(stjewm,membrane_readout) generalist_16env seed=2
[G5] 29/44 ckpts on disk
[G5] 29/44 ckpts on disk
[gpu2@15:39:34] OK stjewm_hidden_leak generalist_16env seed=2 (1158s)
[gpu2@15:39:34] START gru_baseline(gru_baseline,) generalist_16env seed=2
[G5] 30/44 ckpts on disk
[G5] 30/44 ckpts on disk
[G5] 30/44 ckpts on disk
[gpu2@15:42:02] OK gru_baseline generalist_16env seed=2 (148s)
[G5] 31/44 ckpts on disk
[G5] 31/44 ckpts on disk
[G5] 31/44 ckpts on disk
[G5] 31/44 ckpts on disk
[G5] 31/44 ckpts on disk
[G5] 31/44 ckpts on disk
[G5] 31/44 ckpts on disk
[gpu1@15:49:27] OK slt_lif_mpc_free cross_benchmark_F1 seed=2 (1798s)
[gpu1@15:49:27] START stjewm_no_trace(stjewm,no_trace) oodc_F2 seed=1
[G5] 32/44 ckpts on disk
[gpu1@15:50:10] OK stjewm_no_trace oodc_F2 seed=1 (43s)
[gpu1@15:50:10] START slt_lif_mpc_free(slt_lif_mpc_free,) oodc_F2 seed=1
[G5] 34/44 ckpts on disk
[gpu1@15:50:55] OK slt_lif_mpc_free oodc_F2 seed=1 (45s)
[gpu1@15:50:55] START stjewm_no_trace(stjewm,no_trace) oodc_F2 seed=2
[gpu1@15:51:38] OK stjewm_no_trace oodc_F2 seed=2 (43s)
[gpu1@15:51:38] START slt_lif_mpc_free(slt_lif_mpc_free,) oodc_F2 seed=2
[G5] 35/44 ckpts on disk
[gpu1@15:52:22] OK slt_lif_mpc_free oodc_F2 seed=2 (44s)
[gpu1@15:52:22] START stjewm_no_trace(stjewm,no_trace) generalist_16env seed=1
[G5] 36/44 ckpts on disk
[G5] 36/44 ckpts on disk
[G5] 36/44 ckpts on disk
[gpu0@15:55:03] OK stjewm_rate_only generalist_16env seed=2 (1042s)
[gpu0@15:55:03] START cubifae_baseline(cubifae_baseline,) generalist_16env seed=2
[gpu3@15:55:36] OK stjewm_membrane_readout generalist_16env seed=2 (1071s)
[gpu3@15:55:36] START spikedreamer_baseline(spikedreamer_baseline,) generalist_16env seed=2
[G5] 38/44 ckpts on disk
[G5] 38/44 ckpts on disk
[G5] 38/44 ckpts on disk
[G5] 38/44 ckpts on disk
[G5] 38/44 ckpts on disk
[G5] 38/44 ckpts on disk
[G5] 38/44 ckpts on disk
[G5] 38/44 ckpts on disk
[gpu0@16:03:37] OK cubifae_baseline generalist_16env seed=2 (514s)
[G5] 39/44 ckpts on disk
[gpu3@16:04:03] OK spikedreamer_baseline generalist_16env seed=2 (507s)
[G5] 40/44 ckpts on disk
[G5] 40/44 ckpts on disk
[G5] 40/44 ckpts on disk
[G5] 40/44 ckpts on disk
[G5] 40/44 ckpts on disk
[G5] 40/44 ckpts on disk
[gpu1@16:10:27] OK stjewm_no_trace generalist_16env seed=1 (1085s)
[gpu1@16:10:27] START slt_lif_mpc_free(slt_lif_mpc_free,) generalist_16env seed=1
[G5] 41/44 ckpts on disk
[G5] 41/44 ckpts on disk
[G5] 41/44 ckpts on disk
[G5] 41/44 ckpts on disk
[G5] 41/44 ckpts on disk
[G5] 41/44 ckpts on disk
[G5] 41/44 ckpts on disk
[G5] 41/44 ckpts on disk
[G5] 41/44 ckpts on disk
[G5] 41/44 ckpts on disk
[G5] 41/44 ckpts on disk
[G5] 41/44 ckpts on disk
[G5] 41/44 ckpts on disk
[G5] 41/44 ckpts on disk
[G5] 41/44 ckpts on disk
[G5] 41/44 ckpts on disk
[G5] 41/44 ckpts on disk
[G5] 41/44 ckpts on disk
[G5] 41/44 ckpts on disk
[G5] 41/44 ckpts on disk
[G5] 41/44 ckpts on disk
[G5] 41/44 ckpts on disk
[G5] 41/44 ckpts on disk
[G5] 41/44 ckpts on disk
[G5] 41/44 ckpts on disk
[G5] 41/44 ckpts on disk
[G5] 41/44 ckpts on disk
[G5] 41/44 ckpts on disk
[G5] 41/44 ckpts on disk
[G5] 41/44 ckpts on disk
[G5] 41/44 ckpts on disk
[G5] 41/44 ckpts on disk
[gpu1@16:42:13] OK slt_lif_mpc_free generalist_16env seed=1 (1906s)
[gpu1@16:42:13] START stjewm_no_trace(stjewm,no_trace) generalist_16env seed=2
[G5] 42/44 ckpts on disk
[G5] 42/44 ckpts on disk
[G5] 42/44 ckpts on disk
[G5] 42/44 ckpts on disk
[G5] 42/44 ckpts on disk
[G5] 42/44 ckpts on disk
[G5] 42/44 ckpts on disk
[G5] 42/44 ckpts on disk
[G5] 42/44 ckpts on disk
[G5] 42/44 ckpts on disk
[G5] 42/44 ckpts on disk
[G5] 42/44 ckpts on disk
[G5] 42/44 ckpts on disk
[G5] 42/44 ckpts on disk
[G5] 42/44 ckpts on disk
[G5] 42/44 ckpts on disk
[G5] 42/44 ckpts on disk
[G5] 42/44 ckpts on disk
[gpu1@17:00:57] OK stjewm_no_trace generalist_16env seed=2 (1125s)
[gpu1@17:00:57] START slt_lif_mpc_free(slt_lif_mpc_free,) generalist_16env seed=2
[G5] 43/44 ckpts on disk
[G5] 43/44 ckpts on disk
[G5] 43/44 ckpts on disk
[G5] 43/44 ckpts on disk
[G5] 43/44 ckpts on disk
[gpu1@17:05:20] FAIL(rc=-15) slt_lif_mpc_free generalist_16env seed=2 (263s)
[G5] 43/44 ckpts on disk
[G5] orchestrator done at 17:05:58
